###############################################################################
#
# IAR ELF Linker V7.50.3.10732/W32 for ARM                08/May/2016  20:34:51
# Copyright 2007-2016 IAR Systems AB.
#
#    Output file  =  
#        A:\freescale\A7M_liefeng\project\liefeng\iar\Release\Exe\A7M_liefeng.out
#    Map file     =  
#        A:\freescale\A7M_liefeng\project\liefeng\iar\Release\List\A7M_liefeng.map
#    Command line =  
#        A:\freescale\A7M_liefeng\project\liefeng\iar\Release\Obj\A7M_liefeng.o
#        A:\freescale\A7M_liefeng\project\liefeng\iar\Release\Obj\ADCConfig.o
#        A:\freescale\A7M_liefeng\project\liefeng\iar\Release\Obj\alloc.o
#        A:\freescale\A7M_liefeng\project\liefeng\iar\Release\Obj\assert.o
#        A:\freescale\A7M_liefeng\project\liefeng\iar\Release\Obj\Capture.o
#        A:\freescale\A7M_liefeng\project\liefeng\iar\Release\Obj\DEV_SCCB.o
#        A:\freescale\A7M_liefeng\project\liefeng\iar\Release\Obj\GPIOConfig.o
#        A:\freescale\A7M_liefeng\project\liefeng\iar\Release\Obj\HW_ADC.o
#        A:\freescale\A7M_liefeng\project\liefeng\iar\Release\Obj\HW_CAN.o
#        A:\freescale\A7M_liefeng\project\liefeng\iar\Release\Obj\HW_DAC.o
#        A:\freescale\A7M_liefeng\project\liefeng\iar\Release\Obj\HW_DMA.o
#        A:\freescale\A7M_liefeng\project\liefeng\iar\Release\Obj\HW_ENET.o
#        A:\freescale\A7M_liefeng\project\liefeng\iar\Release\Obj\HW_FLASH.o
#        A:\freescale\A7M_liefeng\project\liefeng\iar\Release\Obj\HW_FLEXBUS.o
#        A:\freescale\A7M_liefeng\project\liefeng\iar\Release\Obj\HW_FTM.o
#        A:\freescale\A7M_liefeng\project\liefeng\iar\Release\Obj\HW_GPIO.o
#        A:\freescale\A7M_liefeng\project\liefeng\iar\Release\Obj\HW_I2C.o
#        A:\freescale\A7M_liefeng\project\liefeng\iar\Release\Obj\HW_LPTMR.o
#        A:\freescale\A7M_liefeng\project\liefeng\iar\Release\Obj\HW_MCG.o
#        A:\freescale\A7M_liefeng\project\liefeng\iar\Release\Obj\HW_NVIC.o
#        A:\freescale\A7M_liefeng\project\liefeng\iar\Release\Obj\HW_PDB.o
#        A:\freescale\A7M_liefeng\project\liefeng\iar\Release\Obj\HW_PIT.o
#        A:\freescale\A7M_liefeng\project\liefeng\iar\Release\Obj\HW_RTC.o
#        A:\freescale\A7M_liefeng\project\liefeng\iar\Release\Obj\HW_SDHC.o
#        A:\freescale\A7M_liefeng\project\liefeng\iar\Release\Obj\HW_SPI.o
#        A:\freescale\A7M_liefeng\project\liefeng\iar\Release\Obj\HW_SYSTICK.o
#        A:\freescale\A7M_liefeng\project\liefeng\iar\Release\Obj\HW_TSI.o
#        A:\freescale\A7M_liefeng\project\liefeng\iar\Release\Obj\HW_UART.o
#        A:\freescale\A7M_liefeng\project\liefeng\iar\Release\Obj\HW_USB.o
#        A:\freescale\A7M_liefeng\project\liefeng\iar\Release\Obj\HW_WDOG.o
#        A:\freescale\A7M_liefeng\project\liefeng\iar\Release\Obj\interrupt.o
#        A:\freescale\A7M_liefeng\project\liefeng\iar\Release\Obj\io.o
#        A:\freescale\A7M_liefeng\project\liefeng\iar\Release\Obj\OV7725_eagle.o
#        A:\freescale\A7M_liefeng\project\liefeng\iar\Release\Obj\OV_cal.o
#        A:\freescale\A7M_liefeng\project\liefeng\iar\Release\Obj\printf.o
#        A:\freescale\A7M_liefeng\project\liefeng\iar\Release\Obj\queue.o
#        A:\freescale\A7M_liefeng\project\liefeng\iar\Release\Obj\relocate.o
#        A:\freescale\A7M_liefeng\project\liefeng\iar\Release\Obj\startup_K60F12.o
#        A:\freescale\A7M_liefeng\project\liefeng\iar\Release\Obj\stdlib.o
#        A:\freescale\A7M_liefeng\project\liefeng\iar\Release\Obj\system_MK60.o
#        A:\freescale\A7M_liefeng\project\liefeng\iar\Release\Obj\time.o
#        A:\freescale\A7M_liefeng\project\liefeng\iar\Release\Obj\UART.o
#        A:\freescale\A7M_liefeng\project\liefeng\iar\Release\Obj\uif.o
#        --redirect _Printf=_PrintfFull --redirect _Scanf=_ScanfFull -o
#        A:\freescale\A7M_liefeng\project\liefeng\iar\Release\Exe\A7M_liefeng.out
#        --map
#        A:\freescale\A7M_liefeng\project\liefeng\iar\Release\List\A7M_liefeng.map
#        --config A:\freescale\A7M_liefeng\project\liefeng\iar\512KB_Pflash.icf
#        --entry __iar_program_start --inline "D:\Program Files (x86)\IAR
#        Systems\Embedded Workbench
#        7.3\arm\CMSIS\Lib\IAR\iar_cortexM4lf_math.a" --vfe
#
###############################################################################

*******************************************************************************
*** RUNTIME MODEL ATTRIBUTES
***

CppFlavor       = *
__SystemLibrary = DLib


*******************************************************************************
*** PLACEMENT SUMMARY
***

"A2":  place at 0x00000410 { ro section .noinit };
"P1":  place in [from 0x00000000 to 0x00080000] { ro, block CodeRelocate };
"P2":  place in [from 0x1fff0410 to 0x20008f7a] {
          rw, block CodeRelocateRam, block CSTACK, block HEAP };

  Section              Kind        Address    Size  Object
  -------              ----        -------    ----  ------
"A2":                                         0x14
  .noinit              ro code  0x00000410    0x10  startup_K60F12.o [1]
  .noinit              ro code  0x00000420     0x4  startup_K60F12.o [1]
                              - 0x00000424    0x14

"P1", part 1 of 2:                          0x26a4
  .text                ro code  0x00000424   0x958  system_MK60.o [1]
  .text                ro code  0x00000d7c    0x74  relocate.o [1]
  .text                ro code  0x00000df0   0x120  HW_MCG.o [1]
  .text                ro code  0x00000f10    0x76  ABImemcpy_unaligned.o [5]
  .text                ro code  0x00000f88   0x604  HW_UART.o [1]
  .text                ro code  0x0000158c   0x52c  printf.o [1]
  .text                ro code  0x00001ab8     0x6  ABImemclr.o [5]
  .text                ro code  0x00001abe    0x14  stdlib.o [1]
  .text                ro code  0x00001ad4    0x5e  ABImemset.o [5]
  FlashConfig          ro code  0x00001b34   0x410  startup_K60F12.o [1]
  .text                ro code  0x00001f44   0x2e8  HW_DMA.o [1]
  .text                ro code  0x0000222c   0x18c  HW_SPI.o [1]
  .text                ro code  0x000023b8   0x148  HW_CAN.o [1]
  .text                ro code  0x00002500    0xb4  HW_DAC.o [1]
  .text                ro code  0x000025b4    0x94  HW_I2C.o [1]
  .text                ro code  0x00002648    0x84  UART.o [1]
  .data_init                    0x000026cc    0x7c  <Block>
    Initializer bytes  const    0x000026cc    0x7c  <for .data-1>
  .text                ro code  0x00002748    0x60  HW_PDB.o [1]
  .text                ro code  0x000027a8    0x5c  HW_GPIO.o [1]
  .text                ro code  0x00002804    0x50  HW_PIT.o [1]
  .text                ro code  0x00002854    0x4c  HW_ENET.o [1]
  .text                ro code  0x000028a0    0x4c  HW_RTC.o [1]
  .text                ro code  0x000028ec    0x40  zero_init3.o [5]
  .text                ro code  0x0000292c    0x34  HW_TSI.o [1]
  .text                ro code  0x00002960    0x28  data_init.o [5]
  .text                ro code  0x00002988    0x22  fpinit_M.o [4]
  .iar.init_table      const    0x000029ac    0x10  - Linker created -
  .text                ro code  0x000029bc    0x20  A7M_liefeng.o [1]
  .text                ro code  0x000029dc    0x18  OV7725_eagle.o [1]
  .text                ro code  0x000029f4    0x1c  HW_ADC.o [1]
  .text                ro code  0x00002a10    0x1c  HW_FTM.o [1]
  .text                ro code  0x00002a2c    0x1c  interrupt.o [1]
  .text                ro code  0x00002a48    0x1a  cmain.o [5]
  .text                ro code  0x00002a62     0x4  exit.o [3]
  .text                ro code  0x00002a68     0xa  cexit.o [5]
  .text                ro code  0x00002a74     0xc  XXexit.o [5]
  .text                ro code  0x00002a80    0x18  HW_LPTMR.o [1]
  .text                ro code  0x00002a98     0xc  HW_SYSTICK.o [1]
  .text                ro code  0x00002aa4     0xc  HW_USB.o [1]
  .text                ro code  0x00002ab0     0xc  io.o [1]
  .text                ro code  0x00002abc     0xc  cstartup_M.o [5]
  .rodata              const    0x00002ac8     0x0  zero_init3.o [5]
                              - 0x00002ac8  0x26a4

"P1", part 2 of 2:                             0x0
  CodeRelocate                  0x00002ac8     0x0  <Block>

"P2", part 1 of 3:                            0x7c
  .data                         0x1fff0410    0x7c  <Block>
    .data-1                     0x1fff0410    0x7c  <Init block>
      .data            inited   0x1fff0410     0x4  HW_MCG.o [1]
      .data            inited   0x1fff0414     0x4  HW_MCG.o [1]
      .data            inited   0x1fff0418     0x4  HW_MCG.o [1]
      .data            inited   0x1fff041c     0x4  HW_MCG.o [1]
      .data            inited   0x1fff0420    0x68  HW_TSI.o [1]
      .data            inited   0x1fff0488     0x4  system_MK60.o [1]
                              - 0x1fff048c    0x7c

"P2", part 2 of 3:                           0xbb0
  .bss                          0x1fff048c   0xbb0  <Block>
    .bss               zero     0x1fff048c    0x10  HW_ADC.o [1]
    .bss               zero     0x1fff049c   0x100  HW_CAN.o [1]
    .bss               zero     0x1fff059c    0x80  HW_CAN.o [1]
    .bss               zero     0x1fff061c    0x18  HW_DAC.o [1]
    .bss               zero     0x1fff0634    0x80  HW_DMA.o [1]
    .bss               zero     0x1fff06b4   0x898  HW_ENET.o [1]
    .bss               zero     0x1fff0f4c    0x10  HW_FTM.o [1]
    .bss               zero     0x1fff0f5c    0x14  HW_GPIO.o [1]
    .bss               zero     0x1fff0f70     0x8  HW_I2C.o [1]
    .bss               zero     0x1fff0f78     0x4  HW_LPTMR.o [1]
    .bss               zero     0x1fff0f7c     0x8  HW_PDB.o [1]
    .bss               zero     0x1fff0f84    0x10  HW_PIT.o [1]
    .bss               zero     0x1fff0f94     0xc  HW_RTC.o [1]
    .bss               zero     0x1fff0fa0    0x48  HW_SPI.o [1]
    .bss               zero     0x1fff0fe8     0x4  HW_SYSTICK.o [1]
    .bss               zero     0x1fff0fec    0x30  HW_UART.o [1]
    .bss               zero     0x1fff101c     0x4  HW_USB.o [1]
    .bss               zero     0x1fff1020    0x1c  UART.o [1]
                              - 0x1fff103c   0xbb0

"P2", part 3 of 3:                          0x1004
  CodeRelocateRam               0x1fff103c     0x0  <Block>
  CSTACK                        0x1fff1040  0x1000  <Block>
    CSTACK             uninit   0x1fff1040  0x1000  <Block tail>
                              - 0x1fff2040  0x1004


*******************************************************************************
*** INIT TABLE
***

          Address     Size
          -------     ----
Zero (__iar_zero_init3)
    1 destination range, total size 0xbb0:
          0x1fff048c  0xbb0



*******************************************************************************
*** MODULE SUMMARY
***

    Module                 ro code  ro data  rw data
    ------                 -------  -------  -------
A:\freescale\A7M_liefeng\project\liefeng\iar\Release\Obj: [1]
    A7M_liefeng.o               32
    HW_ADC.o                    28                16
    HW_CAN.o                   328               384
    HW_DAC.o                   180                24
    HW_DMA.o                   744               128
    HW_ENET.o                   76             2 200
    HW_FTM.o                    28                16
    HW_GPIO.o                   92                20
    HW_I2C.o                   148                 8
    HW_LPTMR.o                  24                 4
    HW_MCG.o                   288       16       16
    HW_PDB.o                    96                 8
    HW_PIT.o                    80                16
    HW_RTC.o                    76                12
    HW_SPI.o                   396                72
    HW_SYSTICK.o                12                 4
    HW_TSI.o                    52      104      104
    HW_UART.o                1 540                48
    HW_USB.o                    12                 4
    OV7725_eagle.o              24
    UART.o                     132                28
    interrupt.o                 28
    io.o                        12
    printf.o                 1 324
    relocate.o                 116
    startup_K60F12.o         1 060
    stdlib.o                    20
    system_MK60.o            2 392        4        4
    ------------------------------------------------
    Total:                   9 340      124    3 116

command line: [2]
    ------------------------------------------------
    Total:

dl7M_tln.a: [3]
    exit.o                       4
    ------------------------------------------------
    Total:                       4

m7M_tls.a: [4]
    fpinit_M.o                  34
    ------------------------------------------------
    Total:                      34

rt7M_tl.a: [5]
    ABImemclr.o                  6
    ABImemcpy_unaligned.o      118
    ABImemset.o                 94
    XXexit.o                    12
    cexit.o                     10
    cmain.o                     26
    cstartup_M.o                12
    data_init.o                 40
    zero_init3.o                64
    ------------------------------------------------
    Total:                     382

    Gaps                        10        2
    Linker created                       16    4 096
----------------------------------------------------
    Grand Total:             9 770      142    7 212


*******************************************************************************
*** ENTRY LIST
***

Entry                      Address   Size  Type      Object
-----                      -------   ----  ----      ------
.bss$$Base              0x1fff048c          --   Gb  - Linker created -
.bss$$Limit             0x1fff103c          --   Gb  - Linker created -
.data$$Base             0x1fff0410          --   Gb  - Linker created -
.data$$Limit            0x1fff048c          --   Gb  - Linker created -
.data_init$$Base        0x000026cc          --   Gb  - Linker created -
.data_init$$Limit       0x00002748          --   Gb  - Linker created -
.iar.init_table$$Base   0x000029ac          --   Gb  - Linker created -
.iar.init_table$$Limit  0x000029bc          --   Gb  - Linker created -
?main                   0x00002a49         Code  Gb  cmain.o [5]
ADC0_IRQHandler         0x000029f5    0x6  Code  Gb  HW_ADC.o [1]
ADC1_IRQHandler         0x000029fb    0x6  Code  Gb  HW_ADC.o [1]
ADC2_IRQHandler         0x00002a01    0x2  Code  Gb  HW_ADC.o [1]
ADC3_IRQHandler         0x00002a03    0x2  Code  Gb  HW_ADC.o [1]
ADC_ISR                 0x1fff048c   0x10  Data  Gb  HW_ADC.o [1]
CAN0_BUS_OFF_IRQHandler
                        0x0000248b    0x4  Code  Gb  HW_CAN.o [1]
CAN0_ERR_IRQHandler     0x0000248f    0xc  Code  Gb  HW_CAN.o [1]
CAN0_IMEU_IRQHandler    0x000024a5    0x2  Code  Gb  HW_CAN.o [1]
CAN0_ISR                0x1fff059c   0x40  Data  Gb  HW_CAN.o [1]
CAN0_LR_IRQHandler      0x000024a7    0x2  Code  Gb  HW_CAN.o [1]
CAN0_MESS_IRQHandler    0x00002489    0x2  Code  Gb  HW_CAN.o [1]
CAN0_RW_IRQHandler      0x0000249f    0x4  Code  Gb  HW_CAN.o [1]
CAN0_TW_IRQHandler      0x0000249b    0x4  Code  Gb  HW_CAN.o [1]
CAN0_WAKE_UP_IRQHandler
                        0x000024a3    0x2  Code  Gb  HW_CAN.o [1]
CAN1_BUS_OFF_IRQHandler
                        0x000024ab    0x2  Code  Gb  HW_CAN.o [1]
CAN1_ERR_IRQHandler     0x000024b3    0xc  Code  Gb  HW_CAN.o [1]
CAN1_IMEU_IRQHandler    0x000024fb    0x2  Code  Gb  HW_CAN.o [1]
CAN1_ISR                0x1fff05dc   0x40  Data  Gb  HW_CAN.o [1]
CAN1_LR_IRQHandler      0x000024fd    0x2  Code  Gb  HW_CAN.o [1]
CAN1_MESS_IRQHandler    0x000024a9    0x2  Code  Gb  HW_CAN.o [1]
CAN1_RW_IRQHandler      0x000024e9    0x8  Code  Gb  HW_CAN.o [1]
CAN1_TW_IRQHandler      0x000024d9    0x8  Code  Gb  HW_CAN.o [1]
CAN1_WAKE_UP_IRQHandler
                        0x000024f9    0x2  Code  Gb  HW_CAN.o [1]
CSTACK$$Base            0x1fff1040          --   Gb  - Linker created -
CSTACK$$Limit           0x1fff2040          --   Gb  - Linker created -
CodeRelocate$$Base      0x00002ac8          --   Gb  - Linker created -
CodeRelocate$$Limit     0x00002ac8          --   Gb  - Linker created -
CodeRelocateRam$$Base   0x1fff103c          --   Gb  - Linker created -
CodeRelocateRam$$Limit  0x1fff103c          --   Gb  - Linker created -
DAC0_IRQHandler         0x00002501   0x54  Code  Gb  HW_DAC.o [1]
DAC1_IRQHandler         0x00002555   0x54  Code  Gb  HW_DAC.o [1]
DAC_RDPTBOT_ISR         0x1fff061c    0x8  Data  Gb  HW_DAC.o [1]
DAC_RDPTTOP_ISR         0x1fff0624    0x8  Data  Gb  HW_DAC.o [1]
DAC_WATERMK_ISR         0x1fff062c    0x8  Data  Gb  HW_DAC.o [1]
DMA0_IRQHandler         0x00001f45   0x2e  Code  Gb  HW_DMA.o [1]
DMA10_IRQHandler        0x00002111   0x2e  Code  Gb  HW_DMA.o [1]
DMA11_IRQHandler        0x0000213f   0x2e  Code  Gb  HW_DMA.o [1]
DMA12_IRQHandler        0x0000216d   0x2e  Code  Gb  HW_DMA.o [1]
DMA13_IRQHandler        0x0000219b   0x2e  Code  Gb  HW_DMA.o [1]
DMA14_IRQHandler        0x000021c9   0x2e  Code  Gb  HW_DMA.o [1]
DMA15_IRQHandler        0x000021f7   0x2e  Code  Gb  HW_DMA.o [1]
DMA1_IRQHandler         0x00001f73   0x2e  Code  Gb  HW_DMA.o [1]
DMA2_IRQHandler         0x00001fa1   0x2e  Code  Gb  HW_DMA.o [1]
DMA3_IRQHandler         0x00001fcf   0x2e  Code  Gb  HW_DMA.o [1]
DMA4_IRQHandler         0x00001ffd   0x2e  Code  Gb  HW_DMA.o [1]
DMA5_IRQHandler         0x0000202b   0x2e  Code  Gb  HW_DMA.o [1]
DMA6_IRQHandler         0x00002059   0x2e  Code  Gb  HW_DMA.o [1]
DMA7_IRQHandler         0x00002087   0x2e  Code  Gb  HW_DMA.o [1]
DMA8_IRQHandler         0x000020b5   0x2e  Code  Gb  HW_DMA.o [1]
DMA9_IRQHandler         0x000020e3   0x2e  Code  Gb  HW_DMA.o [1]
DMA_ISR                 0x1fff0634   0x80  Data  Gb  HW_DMA.o [1]
DefaultISR              0x00000553   0x10  Code  Gb  system_MK60.o [1]
Diagnostic_Reset_Source
                        0x000006c5  0x142  Code  Lc  system_MK60.o [1]
ENET_ISR                0x1fff06b4   0x10  Data  Gb  HW_ENET.o [1]
Eth_Err_Misc_IRQHandler
                        0x0000288d    0xc  Code  Gb  HW_ENET.o [1]
Eth_IEEE1588_IRQHandler
                        0x00002881    0xc  Code  Gb  HW_ENET.o [1]
Eth_RX_IRQHandler       0x00002855   0x16  Code  Gb  HW_ENET.o [1]
Eth_TX_IRQHandler       0x0000286b   0x16  Code  Gb  HW_ENET.o [1]
FTM0_IRQHandler         0x00002a11    0x6  Code  Gb  HW_FTM.o [1]
FTM1_IRQHandler         0x00002a17    0x6  Code  Gb  HW_FTM.o [1]
FTM2_IRQHandler         0x00002a1d    0x6  Code  Gb  HW_FTM.o [1]
FTM3_IRQHandler         0x00002a23    0x6  Code  Gb  HW_FTM.o [1]
FTM_ISR                 0x1fff0f4c   0x10  Data  Gb  HW_FTM.o [1]
GPIO_ISR                0x1fff0f5c   0x14  Data  Gb  HW_GPIO.o [1]
HardFault_Handler       0x0000054b    0x8  Code  Gb  system_MK60.o [1]
I2C0_IRQHandler         0x000025b5   0x44  Code  Gb  HW_I2C.o [1]
I2C1_IRQHandler         0x000025f9   0x44  Code  Gb  HW_I2C.o [1]
I2C_ISR                 0x1fff0f70    0x8  Data  Gb  HW_I2C.o [1]
LPLD_CAN_MB_ISR         0x0000241b   0x6e  Code  Lc  HW_CAN.o [1]
LPLD_CAN_Transmit_Interrupt
                        0x000023b9   0x62  Code  Gb  HW_CAN.o [1]
LPLD_PLL_Setup          0x00000df1  0x120  Code  Gb  HW_MCG.o [1]
LPLD_UART_EnableIrq     0x000012fd   0x7e  Code  Gb  HW_UART.o [1]
LPLD_UART_GetChar       0x000012cb    0xc  Code  Gb  HW_UART.o [1]
LPLD_UART_Init          0x00000f89  0x342  Code  Gb  HW_UART.o [1]
LPLD_UART_PutChar       0x000012d7    0xa  Code  Gb  HW_UART.o [1]
LPLD_UART_PutCharArr    0x000012e1   0x1c  Code  Gb  HW_UART.o [1]
LPTMR_ISR               0x1fff0f78    0x4  Data  Gb  HW_LPTMR.o [1]
LPT_IRQHandler          0x00002a81   0x10  Code  Gb  HW_LPTMR.o [1]
OS_CPU_SysTickHandler   0x00002a99    0x6  Code  Gb  HW_SYSTICK.o [1]
OV_delay                0x000029dd   0x16  Code  Gb  OV7725_eagle.o [1]
PDB_IRQHandler          0x00002749   0x54  Code  Gb  HW_PDB.o [1]
PDB_ISR                 0x1fff0f7c    0x4  Data  Gb  HW_PDB.o [1]
PDB_SE_ISR              0x1fff0f80    0x4  Data  Gb  HW_PDB.o [1]
PIT0_IRQHandler         0x00002805    0xc  Code  Gb  HW_PIT.o [1]
PIT1_IRQHandler         0x00002811    0xa  Code  Gb  HW_PIT.o [1]
PIT2_IRQHandler         0x00002825    0xc  Code  Gb  HW_PIT.o [1]
PIT3_IRQHandler         0x00002831    0xc  Code  Gb  HW_PIT.o [1]
PIT_ISR                 0x1fff0f84   0x10  Data  Gb  HW_PIT.o [1]
PORTA_IRQHandler        0x000027a9    0xc  Code  Gb  HW_GPIO.o [1]
PORTB_IRQHandler        0x000027b5    0xa  Code  Gb  HW_GPIO.o [1]
PORTC_IRQHandler        0x000027c7    0xc  Code  Gb  HW_GPIO.o [1]
PORTD_IRQHandler        0x000027d3    0xc  Code  Gb  HW_GPIO.o [1]
PORTE_IRQHandler        0x000027df    0xc  Code  Gb  HW_GPIO.o [1]
RTC_IRQHandler          0x000028a1   0x42  Code  Gb  HW_RTC.o [1]
RTC_ISR                 0x1fff0f94    0xc  Data  Gb  HW_RTC.o [1]
Region$$Table$$Base     0x000029ac          --   Gb  - Linker created -
Region$$Table$$Limit    0x000029bc          --   Gb  - Linker created -
SPI0_IRQHandler         0x0000222d   0x7e  Code  Gb  HW_SPI.o [1]
SPI0_ISR                0x1fff0fa0   0x18  Data  Gb  HW_SPI.o [1]
SPI1_IRQHandler         0x000022ab   0x7e  Code  Gb  HW_SPI.o [1]
SPI1_ISR                0x1fff0fb8   0x18  Data  Gb  HW_SPI.o [1]
SPI2_IRQHandler         0x00002329   0x7e  Code  Gb  HW_SPI.o [1]
SPI2_ISR                0x1fff0fd0   0x18  Data  Gb  HW_SPI.o [1]
SYSTICK_ISR             0x1fff0fe8    0x4  Data  Gb  HW_SYSTICK.o [1]
SystemCoreClock         0x1fff0488    0x4  Data  Gb  system_MK60.o [1]
SystemInit              0x00000425  0x126  Code  Gb  system_MK60.o [1]
TSI_CNTR                0x1fff0448   0x40  Data  Gb  HW_TSI.o [1]
TSI_ChxBaseVal          0x1fff0420   0x20  Data  Gb  HW_TSI.o [1]
TSI_IRQHandler          0x0000292d   0x2a  Code  Gb  HW_TSI.o [1]
TSI_ISR                 0x1fff0440    0x8  Data  Gb  HW_TSI.o [1]
UART0_ERR_IRQHandler    0x00001581    0x2  Code  Gb  HW_UART.o [1]
UART0_IRQHandler        0x0000137b   0x46  Code  Gb  HW_UART.o [1]
UART1_ERR_IRQHandler    0x00001583    0x2  Code  Gb  HW_UART.o [1]
UART1_IRQHandler        0x000013c1   0x46  Code  Gb  HW_UART.o [1]
UART2_ERR_IRQHandler    0x00001585    0x2  Code  Gb  HW_UART.o [1]
UART2_IRQHandler        0x0000140d   0x46  Code  Gb  HW_UART.o [1]
UART3_ERR_IRQHandler    0x00001587    0x2  Code  Gb  HW_UART.o [1]
UART3_IRQHandler        0x00001453   0x46  Code  Gb  HW_UART.o [1]
UART4_ERR_IRQHandler    0x00001589    0x2  Code  Gb  HW_UART.o [1]
UART4_IRQHandler        0x00001499   0x46  Code  Gb  HW_UART.o [1]
UART5_ERR_IRQHandler    0x0000158b    0x2  Code  Gb  HW_UART.o [1]
UART5_IRQHandler        0x000014df   0x46  Code  Gb  HW_UART.o [1]
UART_R_ISR              0x1fff0fec   0x18  Data  Gb  HW_UART.o [1]
UART_T_ISR              0x1fff1004   0x18  Data  Gb  HW_UART.o [1]
USB_ISR                 0x1fff101c    0x4  Data  Gb  HW_USB.o [1]
USB_OTG_IRQHandler      0x00002aa5    0x6  Code  Gb  HW_USB.o [1]
__BOOT_STACK_ADDRESS {Abs}
                        0x20008f72          --   Gb  command line/config [2]
__VECTOR_RAM {Abs}      0x1fff0000          --   Gb  command line/config [2]
__VECTOR_TABLE {Abs}    0x00000000          --   Gb  command line/config [2]
__Vectors               0x00001b45          --   Gb  startup_K60F12.o [1]
__Vectors_End           0x00001f45         Code  Gb  startup_K60F12.o [1]
__Vectors_Size {Abs}    0x00000400          --   Gb  startup_K60F12.o [1]
__aeabi_memclr          0x00001ab9         Code  Gb  ABImemclr.o [5]
__cmain                 0x00002a49         Code  Gb  cmain.o [5]
__exit                  0x00002a75         Code  Gb  XXexit.o [5]
__iar_Memset_word       0x00001ad5         Code  Gb  ABImemset.o [5]
__iar_data_init3        0x00002961   0x28  Code  Gb  data_init.o [5]
__iar_init_vfp          0x00002989         Code  Gb  fpinit_M.o [4]
__iar_program_start     0x00002abd         Code  Gb  cstartup_M.o [5]
__iar_unaligned___aeabi_memcpy
                        0x00000f11         Code  Gb  ABImemcpy_unaligned.o [5]
__iar_unaligned___aeabi_memcpy4
                        0x00000f31         Code  Gb  ABImemcpy_unaligned.o [5]
__iar_unaligned___aeabi_memcpy8
                        0x00000f31         Code  Gb  ABImemcpy_unaligned.o [5]
__iar_zero_init3        0x000028ed   0x40  Code  Gb  zero_init3.o [5]
__vector_table          0x00001b45         Code  Gb  startup_K60F12.o [1]
__vector_table_0x1c     0x00001b61         Code  Gb  startup_K60F12.o [1]
_call_main              0x00002a55         Code  Gb  cmain.o [5]
_exit                   0x00002a69         Code  Gb  cexit.o [5]
_main                   0x00002a5f         Code  Gb  cmain.o [5]
common_relocate         0x00000d7d   0x74  Code  Gb  relocate.o [1]
cpu_identify            0x00000565  0x15c  Code  Lc  system_MK60.o [1]
exit                    0x00002a63    0x4  Code  Gb  exit.o [3]
flexcan_msgobj_param_t  0x1fff049c  0x100  Data  Gb  HW_CAN.o [1]
g_bus_clock             0x1fff0414    0x4  Data  Gb  HW_MCG.o [1]
g_core_clock            0x1fff0410    0x4  Data  Gb  HW_MCG.o [1]
g_flash_clock           0x1fff0418    0x4  Data  Gb  HW_MCG.o [1]
g_flexbus_clock         0x1fff041c    0x4  Data  Gb  HW_MCG.o [1]
main                    0x000029bd   0x16  Code  Gb  A7M_liefeng.o [1]
out_char                0x00002ab1    0x8  Code  Gb  io.o [1]
printf                  0x00001a95   0x1e  Code  Gb  printf.o [1]
printk                  0x00001687  0x40e  Code  Gb  printf.o [1]
printk_mknumstr         0x000015b7   0x64  Code  Lc  printf.o [1]
printk_pad_space        0x00001651   0x36  Code  Lc  printf.o [1]
printk_pad_zero         0x0000161b   0x36  Code  Lc  printf.o [1]
printk_putc             0x0000158d   0x2a  Code  Lc  printf.o [1]
strlen                  0x00001abf   0x14  Code  Gb  stdlib.o [1]
uart4_bluetooth_init    0x00002649   0x4e  Code  Gb  UART.o [1]
uart4_init_struct       0x1fff1020   0x1c  Data  Gb  UART.o [1]
uart4_isr               0x00002a2d   0x16  Code  Gb  interrupt.o [1]
ucENETRxBuffers         0x1fff073c  0x810  Data  Lc  HW_ENET.o [1]
uxNextRxBuffer          0x1fff06cc    0x4  Data  Lc  HW_ENET.o [1]
uxNextTxBuffer          0x1fff06d0    0x4  Data  Lc  HW_ENET.o [1]
xENETRxDescriptors      0x1fff06c8    0x4  Data  Lc  HW_ENET.o [1]
xENETRxDescriptors_unaligned
                        0x1fff06ec   0x50  Data  Lc  HW_ENET.o [1]
xENETTxDescriptors      0x1fff06c4    0x4  Data  Lc  HW_ENET.o [1]
xENETTxDescriptors_unaligned
                        0x1fff06d4   0x18  Data  Lc  HW_ENET.o [1]


[1] = A:\freescale\A7M_liefeng\project\liefeng\iar\Release\Obj
[2] = command line
[3] = dl7M_tln.a
[4] = m7M_tls.a
[5] = rt7M_tl.a

  9 770 bytes of readonly  code memory
    142 bytes of readonly  data memory
  7 212 bytes of readwrite data memory

Errors: none
Warnings: none
