###############################################################################
#
# IAR ELF Linker V7.50.3.10732/W32 for ARM                20/Apr/2016  00:46:07
# Copyright 2007-2016 IAR Systems AB.
#
#    Output file  =  
#        A:\freescale\A7M_liefeng\project\liefeng\iar\Debug\Exe\A7M_liefeng.out
#    Map file     =  
#        A:\freescale\A7M_liefeng\project\liefeng\iar\Debug\List\A7M_liefeng.map
#    Command line =  
#        A:\freescale\A7M_liefeng\project\liefeng\iar\Debug\Obj\A7M_liefeng.o
#        A:\freescale\A7M_liefeng\project\liefeng\iar\Debug\Obj\ADCConfig.o
#        A:\freescale\A7M_liefeng\project\liefeng\iar\Debug\Obj\alloc.o
#        A:\freescale\A7M_liefeng\project\liefeng\iar\Debug\Obj\assert.o
#        A:\freescale\A7M_liefeng\project\liefeng\iar\Debug\Obj\Capture.o
#        A:\freescale\A7M_liefeng\project\liefeng\iar\Debug\Obj\DEV_SCCB.o
#        A:\freescale\A7M_liefeng\project\liefeng\iar\Debug\Obj\GPIOConfig.o
#        A:\freescale\A7M_liefeng\project\liefeng\iar\Debug\Obj\HW_ADC.o
#        A:\freescale\A7M_liefeng\project\liefeng\iar\Debug\Obj\HW_CAN.o
#        A:\freescale\A7M_liefeng\project\liefeng\iar\Debug\Obj\HW_DAC.o
#        A:\freescale\A7M_liefeng\project\liefeng\iar\Debug\Obj\HW_DMA.o
#        A:\freescale\A7M_liefeng\project\liefeng\iar\Debug\Obj\HW_ENET.o
#        A:\freescale\A7M_liefeng\project\liefeng\iar\Debug\Obj\HW_FLASH.o
#        A:\freescale\A7M_liefeng\project\liefeng\iar\Debug\Obj\HW_FLEXBUS.o
#        A:\freescale\A7M_liefeng\project\liefeng\iar\Debug\Obj\HW_FTM.o
#        A:\freescale\A7M_liefeng\project\liefeng\iar\Debug\Obj\HW_GPIO.o
#        A:\freescale\A7M_liefeng\project\liefeng\iar\Debug\Obj\HW_I2C.o
#        A:\freescale\A7M_liefeng\project\liefeng\iar\Debug\Obj\HW_LPTMR.o
#        A:\freescale\A7M_liefeng\project\liefeng\iar\Debug\Obj\HW_MCG.o
#        A:\freescale\A7M_liefeng\project\liefeng\iar\Debug\Obj\HW_NVIC.o
#        A:\freescale\A7M_liefeng\project\liefeng\iar\Debug\Obj\HW_PDB.o
#        A:\freescale\A7M_liefeng\project\liefeng\iar\Debug\Obj\HW_PIT.o
#        A:\freescale\A7M_liefeng\project\liefeng\iar\Debug\Obj\HW_RTC.o
#        A:\freescale\A7M_liefeng\project\liefeng\iar\Debug\Obj\HW_SDHC.o
#        A:\freescale\A7M_liefeng\project\liefeng\iar\Debug\Obj\HW_SPI.o
#        A:\freescale\A7M_liefeng\project\liefeng\iar\Debug\Obj\HW_SYSTICK.o
#        A:\freescale\A7M_liefeng\project\liefeng\iar\Debug\Obj\HW_TSI.o
#        A:\freescale\A7M_liefeng\project\liefeng\iar\Debug\Obj\HW_UART.o
#        A:\freescale\A7M_liefeng\project\liefeng\iar\Debug\Obj\HW_USB.o
#        A:\freescale\A7M_liefeng\project\liefeng\iar\Debug\Obj\HW_WDOG.o
#        A:\freescale\A7M_liefeng\project\liefeng\iar\Debug\Obj\interrupt.o
#        A:\freescale\A7M_liefeng\project\liefeng\iar\Debug\Obj\io.o
#        A:\freescale\A7M_liefeng\project\liefeng\iar\Debug\Obj\OV7725_eagle.o
#        A:\freescale\A7M_liefeng\project\liefeng\iar\Debug\Obj\OV_cal.o
#        A:\freescale\A7M_liefeng\project\liefeng\iar\Debug\Obj\printf.o
#        A:\freescale\A7M_liefeng\project\liefeng\iar\Debug\Obj\queue.o
#        A:\freescale\A7M_liefeng\project\liefeng\iar\Debug\Obj\relocate.o
#        A:\freescale\A7M_liefeng\project\liefeng\iar\Debug\Obj\startup_K60F12.o
#        A:\freescale\A7M_liefeng\project\liefeng\iar\Debug\Obj\stdlib.o
#        A:\freescale\A7M_liefeng\project\liefeng\iar\Debug\Obj\system_MK60.o
#        A:\freescale\A7M_liefeng\project\liefeng\iar\Debug\Obj\time.o
#        A:\freescale\A7M_liefeng\project\liefeng\iar\Debug\Obj\UART.o
#        A:\freescale\A7M_liefeng\project\liefeng\iar\Debug\Obj\uif.o
#        --redirect _Printf=_PrintfFull --redirect _Scanf=_ScanfFull -o
#        A:\freescale\A7M_liefeng\project\liefeng\iar\Debug\Exe\A7M_liefeng.out
#        --map
#        A:\freescale\A7M_liefeng\project\liefeng\iar\Debug\List\A7M_liefeng.map
#        --config A:\freescale\A7M_liefeng\project\liefeng\iar\512KB_Pflash.icf
#        --semihosting --entry __iar_program_start --redirect
#        __iar_sh_stdout=__iar_sh_stdout_swo "D:\Program Files (x86)\IAR
#        Systems\Embedded Workbench
#        7.3\arm\CMSIS\Lib\IAR\iar_cortexM4lf_math.a" --vfe
#
###############################################################################

*******************************************************************************
*** RUNTIME MODEL ATTRIBUTES
***

CppFlavor       = *
__SystemLibrary = DLib


*******************************************************************************
*** PLACEMENT SUMMARY
***

"A1":  place at 0x00000000 { ro section .intvec };
"A2":  place at 0x00000410 { ro section .noinit };
"P1":  place in [from 0x00000000 to 0x00080000] { ro, block CodeRelocate };
"P2":  place in [from 0x1fff0410 to 0x20010000] {
          rw, block CodeRelocateRam, block CSTACK, block HEAP };

  Section              Kind        Address    Size  Object
  -------              ----        -------    ----  ------
"A1":                                        0x400
  .intvec              ro code  0x00000000   0x400  startup_K60F12.o [1]
                              - 0x00000400   0x400

"P1", part 1 of 3:                             0x0
  .rodata              const    0x00000400     0x0  zero_init3.o [5]

"P1", part 2 of 3:                             0x0
  CodeRelocate                  0x00000400     0x0  <Block>

"A2":                                         0x14
  .noinit              ro code  0x00000410    0x10  startup_K60F12.o [1]
  .noinit              ro code  0x00000420     0x4  startup_K60F12.o [1]
                              - 0x00000424    0x14

"P1", part 3 of 3:                          0x352c
  .text                ro code  0x00000424   0x7ec  HW_DMA.o [1]
  .text                ro code  0x00000c10    0x14  assert.o [1]
  .text                ro code  0x00000c24   0x4e4  printf.o [1]
  .text                ro code  0x00001108    0x1c  stdlib.o [1]
  .text                ro code  0x00001124   0x714  HW_UART.o [1]
  .text                ro code  0x00001838   0x68c  system_MK60.o [1]
  .text                ro code  0x00001ec4    0xa0  relocate.o [1]
  .text                ro code  0x00001f64   0x188  HW_MCG.o [1]
  .text                ro code  0x000020ec    0x56  ABImemcpy_unaligned.o [5]
  .text                ro code  0x00002144   0x33c  DEV_SCCB.o [1]
  .text                ro code  0x00002480   0x188  HW_GPIO.o [1]
  .text                ro code  0x00002608   0x310  OV7725_eagle.o [1]
  .text                ro code  0x00002918   0x218  HW_SPI.o [1]
  .text                ro code  0x00002b30   0x1de  HW_CAN.o [1]
  .text                ro code  0x00002d10    0xf4  HW_DAC.o [1]
  .text                ro code  0x00002e04    0xcc  HW_I2C.o [1]
  .text                ro code  0x00002ed0    0x80  HW_ENET.o [1]
  .text                ro code  0x00002f50    0x80  HW_PDB.o [1]
  .data_init                    0x00002fd0    0x7c  <Block>
    Initializer bytes  const    0x00002fd0    0x7c  <for .data-1>
  .text                ro code  0x0000304c    0x6c  HW_PIT.o [1]
  .text                ro code  0x000030b8    0x60  HW_RTC.o [1]
  .rodata              const    0x00003118    0x48  system_MK60.o [1]
  .rodata              const    0x00003160    0x44  system_MK60.o [1]
  .rodata              const    0x000031a4    0x44  system_MK60.o [1]
  .text                ro code  0x000031e8    0x40  HW_TSI.o [1]
  .text                ro code  0x00003228    0x40  zero_init3.o [5]
  .rodata              const    0x00003268    0x34  system_MK60.o [1]
  .rodata              const    0x0000329c    0x30  assert.o [1]
  .rodata              const    0x000032cc    0x30  HW_DMA.o [1]
  .rodata              const    0x000032fc    0x30  HW_GPIO.o [1]
  .rodata              const    0x0000332c    0x30  system_MK60.o [1]
  .rodata              const    0x0000335c    0x30  system_MK60.o [1]
  .text                ro code  0x0000338c    0x2c  HW_ADC.o [1]
  .text                ro code  0x000033b8    0x2c  HW_FTM.o [1]
  .rodata              const    0x000033e4    0x28  system_MK60.o [1]
  .text                ro code  0x0000340c    0x28  data_init.o [5]
  .rodata              const    0x00003434    0x24  OV7725_eagle.o [1]
  .rodata              const    0x00003458    0x24  OV7725_eagle.o [1]
  .rodata              const    0x0000347c    0x24  system_MK60.o [1]
  .rodata              const    0x000034a0    0x24  system_MK60.o [1]
  .rodata              const    0x000034c4    0x24  system_MK60.o [1]
  .text                ro code  0x000034e8    0x22  fpinit_M.o [4]
  .iar.init_table      const    0x0000350c    0x10  - Linker created -
  .rodata              const    0x0000351c    0x20  OV7725_eagle.o [1]
  .rodata              const    0x0000353c    0x20  OV7725_eagle.o [1]
  .rodata              const    0x0000355c    0x20  system_MK60.o [1]
  .rodata              const    0x0000357c    0x20  system_MK60.o [1]
  .rodata              const    0x0000359c    0x20  system_MK60.o [1]
  .rodata              const    0x000035bc    0x20  system_MK60.o [1]
  .rodata              const    0x000035dc    0x20  system_MK60.o [1]
  .text                ro code  0x000035fc    0x20  HW_LPTMR.o [1]
  .rodata              const    0x0000361c    0x1c  system_MK60.o [1]
  .rodata              const    0x00003638    0x1c  system_MK60.o [1]
  .rodata              const    0x00003654    0x1c  system_MK60.o [1]
  .rodata              const    0x00003670    0x1c  system_MK60.o [1]
  .rodata              const    0x0000368c    0x1c  system_MK60.o [1]
  .text                ro code  0x000036a8    0x1a  cmain.o [5]
  .text                ro code  0x000036c2     0x4  low_level_init.o [3]
  .text                ro code  0x000036c8    0x18  A7M_liefeng.o [1]
  .text                ro code  0x000036e0     0x4  exit.o [3]
  .text                ro code  0x000036e4     0xa  cexit.o [5]
  .text                ro code  0x000036f0    0x14  exit.o [6]
  .rodata              const    0x00003704    0x18  system_MK60.o [1]
  .rodata              const    0x0000371c    0x18  system_MK60.o [1]
  .rodata              const    0x00003734    0x18  system_MK60.o [1]
  .rodata              const    0x0000374c    0x18  system_MK60.o [1]
  .rodata              const    0x00003764    0x18  system_MK60.o [1]
  .rodata              const    0x0000377c    0x18  system_MK60.o [1]
  .rodata              const    0x00003794    0x18  system_MK60.o [1]
  .rodata              const    0x000037ac    0x18  system_MK60.o [1]
  .rodata              const    0x000037c4    0x18  system_MK60.o [1]
  .rodata              const    0x000037dc    0x14  system_MK60.o [1]
  .rodata              const    0x000037f0    0x14  system_MK60.o [1]
  .rodata              const    0x00003804    0x14  system_MK60.o [1]
  .rodata              const    0x00003818    0x14  system_MK60.o [1]
  .text                ro code  0x0000382c    0x14  io.o [1]
  .rodata              const    0x00003840    0x10  system_MK60.o [1]
  .rodata              const    0x00003850    0x10  system_MK60.o [1]
  .rodata              const    0x00003860    0x10  system_MK60.o [1]
  .rodata              const    0x00003870    0x10  system_MK60.o [1]
  .text                ro code  0x00003880    0x10  HW_SYSTICK.o [1]
  .text                ro code  0x00003890    0x10  HW_USB.o [1]
  .rodata              const    0x000038a0     0xc  system_MK60.o [1]
  .text                ro code  0x000038ac     0xc  cstartup_M.o [5]
  .rodata              const    0x000038b8     0x8  system_MK60.o [1]
  .rodata              const    0x000038c0     0x8  system_MK60.o [1]
  .rodata              const    0x000038c8     0x8  system_MK60.o [1]
  .rodata              const    0x000038d0     0x8  system_MK60.o [1]
  .rodata              const    0x000038d8     0x8  system_MK60.o [1]
  .rodata              const    0x000038e0     0x8  system_MK60.o [1]
  .rodata              const    0x000038e8     0x8  system_MK60.o [1]
  .rodata              const    0x000038f0     0x8  system_MK60.o [1]
  .rodata              const    0x000038f8     0x8  system_MK60.o [1]
  .rodata              const    0x00003900     0x8  system_MK60.o [1]
  .rodata              const    0x00003908     0x8  system_MK60.o [1]
  .rodata              const    0x00003910     0x8  system_MK60.o [1]
  .rodata              const    0x00003918     0x8  system_MK60.o [1]
  .rodata              const    0x00003920     0x8  system_MK60.o [1]
  .rodata              const    0x00003928     0x8  system_MK60.o [1]
  .rodata              const    0x00003930     0x8  system_MK60.o [1]
  .rodata              const    0x00003938     0x8  system_MK60.o [1]
  .rodata              const    0x00003940     0x8  system_MK60.o [1]
  .rodata              const    0x00003948     0x8  system_MK60.o [1]
                              - 0x00003950  0x352c

"P2", part 1 of 3:                            0x7c
  .data                         0x1fff0410    0x7c  <Block>
    .data-1                     0x1fff0410    0x79  <Init block>
      .data            inited   0x1fff0410     0x4  HW_MCG.o [1]
      .data            inited   0x1fff0414     0x4  HW_MCG.o [1]
      .data            inited   0x1fff0418     0x4  HW_MCG.o [1]
      .data            inited   0x1fff041c     0x4  HW_MCG.o [1]
      .data            inited   0x1fff0420    0x64  OV7725_eagle.o [1]
      .data            inited   0x1fff0484     0x4  system_MK60.o [1]
      .data            inited   0x1fff0488     0x1  OV7725_eagle.o [1]
                              - 0x1fff048c    0x7c

"P2", part 2 of 3:                           0x380
  .bss                          0x1fff048c   0x380  <Block>
    .bss               zero     0x1fff048c    0x10  HW_ADC.o [1]
    .bss               zero     0x1fff049c   0x100  HW_CAN.o [1]
    .bss               zero     0x1fff059c    0x40  HW_CAN.o [1]
    .bss               zero     0x1fff05dc    0x40  HW_CAN.o [1]
    .bss               zero     0x1fff061c     0x8  HW_DAC.o [1]
    .bss               zero     0x1fff0624     0x8  HW_DAC.o [1]
    .bss               zero     0x1fff062c     0x8  HW_DAC.o [1]
    .bss               zero     0x1fff0634    0x80  HW_DMA.o [1]
    .bss               zero     0x1fff06b4    0x10  HW_ENET.o [1]
    .bss               zero     0x1fff06c4    0x10  HW_FTM.o [1]
    .bss               zero     0x1fff06d4    0x14  HW_GPIO.o [1]
    .bss               zero     0x1fff06e8     0x8  HW_I2C.o [1]
    .bss               zero     0x1fff06f0     0x4  HW_LPTMR.o [1]
    .bss               zero     0x1fff06f4     0x4  HW_PDB.o [1]
    .bss               zero     0x1fff06f8     0x4  HW_PDB.o [1]
    .bss               zero     0x1fff06fc    0x10  HW_PIT.o [1]
    .bss               zero     0x1fff070c     0xc  HW_RTC.o [1]
    .bss               zero     0x1fff0718    0x18  HW_SPI.o [1]
    .bss               zero     0x1fff0730    0x18  HW_SPI.o [1]
    .bss               zero     0x1fff0748    0x18  HW_SPI.o [1]
    .bss               zero     0x1fff0760     0x4  HW_SYSTICK.o [1]
    .bss               zero     0x1fff0764     0x8  HW_TSI.o [1]
    .bss               zero     0x1fff076c    0x18  HW_UART.o [1]
    .bss               zero     0x1fff0784    0x18  HW_UART.o [1]
    .bss               zero     0x1fff079c     0x4  HW_USB.o [1]
    .bss               zero     0x1fff07a0    0x2c  OV7725_eagle.o [1]
    .bss               zero     0x1fff07cc    0x14  OV7725_eagle.o [1]
    .bss               zero     0x1fff07e0    0x14  OV7725_eagle.o [1]
    .bss               zero     0x1fff07f4    0x14  OV7725_eagle.o [1]
    .bss               zero     0x1fff0808     0x1  A7M_liefeng.o [1]
                              - 0x1fff080c   0x380

"P2", part 3 of 3:                          0x1004
  CodeRelocateRam               0x1fff080c     0x0  <Block>
  CSTACK                        0x1fff0810  0x1000  <Block>
    CSTACK             uninit   0x1fff0810  0x1000  <Block tail>
                              - 0x1fff1810  0x1004

Absolute sections:                          0x9640
  .noinit              uninit   0x221f69c0  0x9640  OV7725_eagle.o [1]
                              - 0x22200000  0x9640


*******************************************************************************
*** INIT TABLE
***

          Address     Size
          -------     ----
Zero (__iar_zero_init3)
    1 destination range, total size 0x37d:
          0x1fff048c  0x37d



*******************************************************************************
*** MODULE SUMMARY
***

    Module                 ro code  ro data  rw data  rw data
                                                       (abs)
    ------                 -------  -------  -------  -------
A:\freescale\A7M_liefeng\project\liefeng\iar\Debug\Obj: [1]
    A7M_liefeng.o               24                 1
    DEV_SCCB.o                 828
    HW_ADC.o                    44                16
    HW_CAN.o                   478               384
    HW_DAC.o                   244                24
    HW_DMA.o                 2 028       48      128
    HW_ENET.o                  128                16
    HW_FTM.o                    44                16
    HW_GPIO.o                  392       48       20
    HW_I2C.o                   204                 8
    HW_LPTMR.o                  32                 4
    HW_MCG.o                   392       16       16
    HW_PDB.o                   128                 8
    HW_PIT.o                   108                16
    HW_RTC.o                    96                12
    HW_SPI.o                   536                72
    HW_SYSTICK.o                16                 4
    HW_TSI.o                    64                 8
    HW_UART.o                1 812                48
    HW_USB.o                    16                 4
    OV7725_eagle.o             784      237      205   38 464
    assert.o                    20       48
    io.o                        20
    printf.o                 1 252
    relocate.o                 160
    startup_K60F12.o         1 044
    stdlib.o                    28
    system_MK60.o            1 676    1 332        4
    ---------------------------------------------------------
    Total:                  12 598    1 729    1 014   38 464

command line: [2]
    ---------------------------------------------------------
    Total:

dl7M_tln.a: [3]
    exit.o                       4
    low_level_init.o             4
    ---------------------------------------------------------
    Total:                       8

m7M_tls.a: [4]
    fpinit_M.o                  34
    ---------------------------------------------------------
    Total:                      34

rt7M_tl.a: [5]
    ABImemcpy_unaligned.o       86
    cexit.o                     10
    cmain.o                     26
    cstartup_M.o                12
    data_init.o                 40
    zero_init3.o                64
    ---------------------------------------------------------
    Total:                     238

shb_l.a: [6]
    exit.o                      20
    ---------------------------------------------------------
    Total:                      20

    Gaps                         8        2
    Linker created                       19    4 096
-------------------------------------------------------------
    Grand Total:            12 906    1 750    5 110   38 464


*******************************************************************************
*** ENTRY LIST
***

Entry                      Address    Size  Type      Object
-----                      -------    ----  ----      ------
.bss$$Base              0x1fff048c           --   Gb  - Linker created -
.bss$$Limit             0x1fff080c           --   Gb  - Linker created -
.data$$Base             0x1fff0410           --   Gb  - Linker created -
.data$$Limit            0x1fff048c           --   Gb  - Linker created -
.data_init$$Base        0x00002fd0           --   Gb  - Linker created -
.data_init$$Limit       0x0000304c           --   Gb  - Linker created -
.iar.init_table$$Base   0x0000350c           --   Gb  - Linker created -
.iar.init_table$$Limit  0x0000351c           --   Gb  - Linker created -
?main                   0x000036a9          Code  Gb  cmain.o [5]
ADC0_IRQHandler         0x0000338d     0xa  Code  Gb  HW_ADC.o [1]
ADC1_IRQHandler         0x00003397     0xa  Code  Gb  HW_ADC.o [1]
ADC2_IRQHandler         0x000033a1     0xa  Code  Gb  HW_ADC.o [1]
ADC3_IRQHandler         0x000033ab     0xa  Code  Gb  HW_ADC.o [1]
ADC_ISR                 0x1fff048c    0x10  Data  Gb  HW_ADC.o [1]
ASSERT_FAILED_STR       0x0000329c    0x30  Data  Gb  assert.o [1]
CAN0_BUS_OFF_IRQHandler
                        0x00002c8b     0x8  Code  Gb  HW_CAN.o [1]
CAN0_ERR_IRQHandler     0x00002c93     0xe  Code  Gb  HW_CAN.o [1]
CAN0_IMEU_IRQHandler    0x00002cb7     0x2  Code  Gb  HW_CAN.o [1]
CAN0_ISR                0x1fff059c    0x40  Data  Gb  HW_CAN.o [1]
CAN0_LR_IRQHandler      0x00002cb9     0x2  Code  Gb  HW_CAN.o [1]
CAN0_MESS_IRQHandler    0x00002c83     0x8  Code  Gb  HW_CAN.o [1]
CAN0_RW_IRQHandler      0x00002cab     0xa  Code  Gb  HW_CAN.o [1]
CAN0_TW_IRQHandler      0x00002ca1     0xa  Code  Gb  HW_CAN.o [1]
CAN0_WAKE_UP_IRQHandler
                        0x00002cb5     0x2  Code  Gb  HW_CAN.o [1]
CAN1_BUS_OFF_IRQHandler
                        0x00002cc3     0x8  Code  Gb  HW_CAN.o [1]
CAN1_ERR_IRQHandler     0x00002ccb     0xe  Code  Gb  HW_CAN.o [1]
CAN1_IMEU_IRQHandler    0x00002d0b     0x2  Code  Gb  HW_CAN.o [1]
CAN1_ISR                0x1fff05dc    0x40  Data  Gb  HW_CAN.o [1]
CAN1_LR_IRQHandler      0x00002d0d     0x2  Code  Gb  HW_CAN.o [1]
CAN1_MESS_IRQHandler    0x00002cbb     0x8  Code  Gb  HW_CAN.o [1]
CAN1_RW_IRQHandler      0x00002ce3     0xa  Code  Gb  HW_CAN.o [1]
CAN1_TW_IRQHandler      0x00002cd9     0xa  Code  Gb  HW_CAN.o [1]
CAN1_WAKE_UP_IRQHandler
                        0x00002d09     0x2  Code  Gb  HW_CAN.o [1]
CSTACK$$Base            0x1fff0810           --   Gb  - Linker created -
CSTACK$$Limit           0x1fff1810           --   Gb  - Linker created -
CodeRelocate$$Base      0x00000400           --   Gb  - Linker created -
CodeRelocate$$Limit     0x00000400           --   Gb  - Linker created -
CodeRelocateRam$$Base   0x1fff080c           --   Gb  - Linker created -
CodeRelocateRam$$Limit  0x1fff080c           --   Gb  - Linker created -
DAC0_IRQHandler         0x00002d11    0x6a  Code  Gb  HW_DAC.o [1]
DAC1_IRQHandler         0x00002d7b    0x6a  Code  Gb  HW_DAC.o [1]
DAC_RDPTBOT_ISR         0x1fff061c     0x8  Data  Gb  HW_DAC.o [1]
DAC_RDPTTOP_ISR         0x1fff0624     0x8  Data  Gb  HW_DAC.o [1]
DAC_WATERMK_ISR         0x1fff062c     0x8  Data  Gb  HW_DAC.o [1]
DMA0_IRQHandler         0x0000080d    0x4a  Code  Gb  HW_DMA.o [1]
DMA10_IRQHandler        0x00000a8f    0x3a  Code  Gb  HW_DMA.o [1]
DMA11_IRQHandler        0x00000ac9    0x3a  Code  Gb  HW_DMA.o [1]
DMA12_IRQHandler        0x00000b03    0x3a  Code  Gb  HW_DMA.o [1]
DMA13_IRQHandler        0x00000b3d    0x3a  Code  Gb  HW_DMA.o [1]
DMA14_IRQHandler        0x00000b77    0x3a  Code  Gb  HW_DMA.o [1]
DMA15_IRQHandler        0x00000bb1    0x3a  Code  Gb  HW_DMA.o [1]
DMA1_IRQHandler         0x00000857    0x4a  Code  Gb  HW_DMA.o [1]
DMA2_IRQHandler         0x000008a1    0x4a  Code  Gb  HW_DMA.o [1]
DMA3_IRQHandler         0x000008eb    0x48  Code  Gb  HW_DMA.o [1]
DMA4_IRQHandler         0x00000933    0x3a  Code  Gb  HW_DMA.o [1]
DMA5_IRQHandler         0x0000096d    0x3a  Code  Gb  HW_DMA.o [1]
DMA6_IRQHandler         0x000009a7    0x3a  Code  Gb  HW_DMA.o [1]
DMA7_IRQHandler         0x000009e1    0x3a  Code  Gb  HW_DMA.o [1]
DMA8_IRQHandler         0x00000a1b    0x3a  Code  Gb  HW_DMA.o [1]
DMA9_IRQHandler         0x00000a55    0x3a  Code  Gb  HW_DMA.o [1]
DMA_ISR                 0x1fff0634    0x80  Data  Gb  HW_DMA.o [1]
DefaultISR              0x000019b1    0x18  Code  Gb  system_MK60.o [1]
Diagnostic_Reset_Source
                        0x00001bf5   0x156  Code  Lc  system_MK60.o [1]
ENET_ISR                0x1fff06b4    0x10  Data  Gb  HW_ENET.o [1]
Eth_Err_Misc_IRQHandler
                        0x00002f33    0x16  Code  Gb  HW_ENET.o [1]
Eth_IEEE1588_IRQHandler
                        0x00002f1d    0x16  Code  Gb  HW_ENET.o [1]
Eth_RX_IRQHandler       0x00002ed1    0x26  Code  Gb  HW_ENET.o [1]
Eth_TX_IRQHandler       0x00002ef7    0x26  Code  Gb  HW_ENET.o [1]
FTM0_IRQHandler         0x000033b9     0xa  Code  Gb  HW_FTM.o [1]
FTM1_IRQHandler         0x000033c3     0xa  Code  Gb  HW_FTM.o [1]
FTM2_IRQHandler         0x000033cd     0xa  Code  Gb  HW_FTM.o [1]
FTM3_IRQHandler         0x000033d7     0xa  Code  Gb  HW_FTM.o [1]
FTM_ISR                 0x1fff06c4    0x10  Data  Gb  HW_FTM.o [1]
GPIO_ISR                0x1fff06d4    0x14  Data  Gb  HW_GPIO.o [1]
HardFault_Handler       0x000019a5     0xc  Code  Gb  system_MK60.o [1]
I2C0_IRQHandler         0x00002e05    0x5a  Code  Gb  HW_I2C.o [1]
I2C1_IRQHandler         0x00002e5f    0x5a  Code  Gb  HW_I2C.o [1]
I2C_ISR                 0x1fff06e8     0x8  Data  Gb  HW_I2C.o [1]
Is_DispPhoto            0x1fff0808     0x1  Data  Gb  A7M_liefeng.o [1]
LPLD_CAN_Interrupt_ClearPending
                        0x00002b31    0x24  Code  Lc  HW_CAN.o [1]
LPLD_CAN_Interrupt_GetFlag
                        0x00002b55    0x1e  Code  Lc  HW_CAN.o [1]
LPLD_CAN_MB_ISR         0x00002c29    0x5a  Code  Lc  HW_CAN.o [1]
LPLD_CAN_Receive_Interrupt
                        0x00002bcd    0x5c  Code  Lc  HW_CAN.o [1]
LPLD_CAN_Transmit_Interrupt
                        0x00002b73    0x5a  Code  Gb  HW_CAN.o [1]
LPLD_DMA_EnableIrq      0x000007e1    0x2c  Code  Gb  HW_DMA.o [1]
LPLD_DMA_Init           0x0000043b   0x3a6  Code  Gb  HW_DMA.o [1]
LPLD_GPIO_Init          0x00002481    0xe4  Code  Gb  HW_GPIO.o [1]
LPLD_PLL_Setup          0x00001f65   0x188  Code  Gb  HW_MCG.o [1]
LPLD_SCCB_Ack           0x000022d9    0x3c  Code  Lc  DEV_SCCB.o [1]
LPLD_SCCB_Delay         0x00002475     0xc  Code  Lc  DEV_SCCB.o [1]
LPLD_SCCB_Init          0x00002145    0x32  Code  Gb  DEV_SCCB.o [1]
LPLD_SCCB_NoAck         0x00002315    0x3c  Code  Lc  DEV_SCCB.o [1]
LPLD_SCCB_ReadReg       0x000021bf    0x84  Code  Gb  DEV_SCCB.o [1]
LPLD_SCCB_ReceiveByte   0x000023fd    0x62  Code  Lc  DEV_SCCB.o [1]
LPLD_SCCB_SendByte      0x000023ab    0x52  Code  Lc  DEV_SCCB.o [1]
LPLD_SCCB_Start         0x00002243    0x6a  Code  Lc  DEV_SCCB.o [1]
LPLD_SCCB_Stop          0x000022ad    0x2c  Code  Lc  DEV_SCCB.o [1]
LPLD_SCCB_WaitAck       0x00002351    0x5a  Code  Lc  DEV_SCCB.o [1]
LPLD_SCCB_WriteReg      0x00002177    0x48  Code  Gb  DEV_SCCB.o [1]
LPLD_UART_Init          0x00001125   0x40a  Code  Gb  HW_UART.o [1]
LPLD_UART_PutChar       0x0000152f     0xa  Code  Gb  HW_UART.o [1]
LPTMR_ISR               0x1fff06f0     0x4  Data  Gb  HW_LPTMR.o [1]
LPT_IRQHandler          0x000035fd    0x16  Code  Gb  HW_LPTMR.o [1]
NVIC_DisableIRQ         0x0000261d    0x14  Code  Lc  OV7725_eagle.o [1]
NVIC_EnableIRQ          0x00000425    0x16  Code  Lc  HW_DMA.o [1]
NVIC_EnableIRQ          0x00002609    0x14  Code  Lc  OV7725_eagle.o [1]
OS_CPU_SysTickHandler   0x00003881     0xa  Code  Gb  HW_SYSTICK.o [1]
OV_DMA_isr              0x00002819     0x8  Code  Gb  OV7725_eagle.o [1]
OV_delay                0x00002821    0x20  Code  Gb  OV7725_eagle.o [1]
OV_display              0x00002841    0x78  Code  Gb  OV7725_eagle.o [1]
OV_dma_init             0x000026f1    0x72  Code  Gb  OV7725_eagle.o [1]
OV_dma_init_struct      0x1fff07a0    0x2c  Data  Gb  OV7725_eagle.o [1]
OV_gpio_init            0x00002763    0x8c  Code  Gb  OV7725_eagle.o [1]
OV_pictures             0x221f69c0  0x9640  Data  Gb  OV7725_eagle.o [1]
OV_porta_Visr           0x000027f1    0x26  Code  Gb  OV7725_eagle.o [1]
OV_pta_init             0x1fff07cc    0x14  Data  Gb  OV7725_eagle.o [1]
OV_ptd_init             0x1fff07f4    0x14  Data  Gb  OV7725_eagle.o [1]
OV_pte_init             0x1fff07e0    0x14  Data  Gb  OV7725_eagle.o [1]
PDB_IRQHandler          0x00002f51    0x6a  Code  Gb  HW_PDB.o [1]
PDB_ISR                 0x1fff06f4     0x4  Data  Gb  HW_PDB.o [1]
PDB_SE_ISR              0x1fff06f8     0x4  Data  Gb  HW_PDB.o [1]
PIT0_IRQHandler         0x0000304d    0x16  Code  Gb  HW_PIT.o [1]
PIT1_IRQHandler         0x00003063    0x16  Code  Gb  HW_PIT.o [1]
PIT2_IRQHandler         0x00003079    0x16  Code  Gb  HW_PIT.o [1]
PIT3_IRQHandler         0x0000308f    0x16  Code  Gb  HW_PIT.o [1]
PIT_ISR                 0x1fff06fc    0x10  Data  Gb  HW_PIT.o [1]
PORTA_IRQHandler        0x00002565    0x12  Code  Gb  HW_GPIO.o [1]
PORTB_IRQHandler        0x00002577    0x12  Code  Gb  HW_GPIO.o [1]
PORTC_IRQHandler        0x00002589    0x12  Code  Gb  HW_GPIO.o [1]
PORTD_IRQHandler        0x0000259b    0x12  Code  Gb  HW_GPIO.o [1]
PORTE_IRQHandler        0x000025ad    0x12  Code  Gb  HW_GPIO.o [1]
RTC_IRQHandler          0x000030b9    0x56  Code  Gb  HW_RTC.o [1]
RTC_ISR                 0x1fff070c     0xc  Data  Gb  HW_RTC.o [1]
Region$$Table$$Base     0x0000350c           --   Gb  - Linker created -
Region$$Table$$Limit    0x0000351c           --   Gb  - Linker created -
SPI0_IRQHandler         0x00002919    0xaa  Code  Gb  HW_SPI.o [1]
SPI0_ISR                0x1fff0718    0x18  Data  Gb  HW_SPI.o [1]
SPI1_IRQHandler         0x000029c3    0xaa  Code  Gb  HW_SPI.o [1]
SPI1_ISR                0x1fff0730    0x18  Data  Gb  HW_SPI.o [1]
SPI2_IRQHandler         0x00002a6d    0xaa  Code  Gb  HW_SPI.o [1]
SPI2_ISR                0x1fff0748    0x18  Data  Gb  HW_SPI.o [1]
SYSTICK_ISR             0x1fff0760     0x4  Data  Gb  HW_SYSTICK.o [1]
SystemCoreClock         0x1fff0484     0x4  Data  Gb  system_MK60.o [1]
SystemCoreClockUpdate   0x00001975    0x30  Code  Gb  system_MK60.o [1]
SystemInit              0x00001839   0x13c  Code  Gb  system_MK60.o [1]
TSI_IRQHandler          0x000031e9    0x36  Code  Gb  HW_TSI.o [1]
TSI_ISR                 0x1fff0764     0x8  Data  Gb  HW_TSI.o [1]
UART0_ERR_IRQHandler    0x0000182d     0x2  Code  Gb  HW_UART.o [1]
UART0_IRQHandler        0x00001539    0x58  Code  Gb  HW_UART.o [1]
UART1_ERR_IRQHandler    0x0000182f     0x2  Code  Gb  HW_UART.o [1]
UART1_IRQHandler        0x00001591    0x58  Code  Gb  HW_UART.o [1]
UART2_ERR_IRQHandler    0x00001831     0x2  Code  Gb  HW_UART.o [1]
UART2_IRQHandler        0x000015e9    0x58  Code  Gb  HW_UART.o [1]
UART3_ERR_IRQHandler    0x00001833     0x2  Code  Gb  HW_UART.o [1]
UART3_IRQHandler        0x00001641    0x58  Code  Gb  HW_UART.o [1]
UART4_ERR_IRQHandler    0x00001835     0x2  Code  Gb  HW_UART.o [1]
UART4_IRQHandler        0x00001699    0x58  Code  Gb  HW_UART.o [1]
UART5_ERR_IRQHandler    0x00001837     0x2  Code  Gb  HW_UART.o [1]
UART5_IRQHandler        0x000016f1    0x58  Code  Gb  HW_UART.o [1]
UART_R_ISR              0x1fff076c    0x18  Data  Gb  HW_UART.o [1]
UART_T_ISR              0x1fff0784    0x18  Data  Gb  HW_UART.o [1]
USB_ISR                 0x1fff079c     0x4  Data  Gb  HW_USB.o [1]
USB_OTG_IRQHandler      0x00003891     0xa  Code  Gb  HW_USB.o [1]
__BOOT_STACK_ADDRESS {Abs}
                        0x20008f72           --   Gb  command line/config [2]
__VECTOR_RAM {Abs}      0x1fff0000           --   Gb  command line/config [2]
__VECTOR_TABLE {Abs}    0x00000000           --   Gb  command line/config [2]
__Vectors               0x00000000           --   Gb  startup_K60F12.o [1]
__Vectors_End           0x00000400          Data  Gb  startup_K60F12.o [1]
__Vectors_Size {Abs}    0x00000400           --   Gb  startup_K60F12.o [1]
__cmain                 0x000036a9          Code  Gb  cmain.o [5]
__exit                  0x000036f1    0x14  Code  Gb  exit.o [6]
__iar_data_init3        0x0000340d    0x28  Code  Gb  data_init.o [5]
__iar_init_vfp          0x000034e9          Code  Gb  fpinit_M.o [4]
__iar_program_start     0x000038ad          Code  Gb  cstartup_M.o [5]
__iar_unaligned___aeabi_memcpy4
                        0x000020ed          Code  Gb  ABImemcpy_unaligned.o [5]
__iar_unaligned___aeabi_memcpy8
                        0x000020ed          Code  Gb  ABImemcpy_unaligned.o [5]
__iar_zero_init3        0x00003229    0x40  Code  Gb  zero_init3.o [5]
__low_level_init        0x000036c3     0x4  Code  Gb  low_level_init.o [3]
__vector_table          0x00000000          Data  Gb  startup_K60F12.o [1]
__vector_table_0x1c     0x0000001c          Data  Gb  startup_K60F12.o [1]
_call_main              0x000036b5          Code  Gb  cmain.o [5]
_exit                   0x000036e5          Code  Gb  cexit.o [5]
_main                   0x000036bf          Code  Gb  cmain.o [5]
assert_failed           0x00000c11    0x14  Code  Gb  assert.o [1]
common_relocate         0x00001ec5    0xa0  Code  Gb  relocate.o [1]
cpu_identify            0x000019cd   0x182  Code  Lc  system_MK60.o [1]
exit                    0x000036e1     0x4  Code  Gb  exit.o [3]
flash_identify          0x00001b4f    0xa6  Code  Lc  system_MK60.o [1]
flexcan_msgobj_param_t  0x1fff049c   0x100  Data  Gb  HW_CAN.o [1]
g_bus_clock             0x1fff0414     0x4  Data  Gb  HW_MCG.o [1]
g_core_clock            0x1fff0410     0x4  Data  Gb  HW_MCG.o [1]
g_flash_clock           0x1fff0418     0x4  Data  Gb  HW_MCG.o [1]
g_flexbus_clock         0x1fff041c     0x4  Data  Gb  HW_MCG.o [1]
main                    0x000036c9    0x18  Code  Gb  A7M_liefeng.o [1]
out_char                0x0000382d     0xe  Code  Gb  io.o [1]
ov7725_dma_start        0x00002631    0x34  Code  Gb  OV7725_eagle.o [1]
ov7725_eagle_cfgnum     0x1fff0488     0x1  Data  Gb  OV7725_eagle.o [1]
ov7725_eagle_reg        0x1fff0420    0x64  Data  Gb  OV7725_eagle.o [1]
ov7725_init             0x00002665    0x8c  Code  Gb  OV7725_eagle.o [1]
printf                  0x000010e5    0x1e  Code  Gb  printf.o [1]
printk                  0x00000cfd   0x3e8  Code  Gb  printf.o [1]
printk_mknumstr         0x00000c51    0x70  Code  Lc  printf.o [1]
printk_pad_space        0x00000cdf    0x1e  Code  Lc  printf.o [1]
printk_pad_zero         0x00000cc1    0x1e  Code  Lc  printf.o [1]
printk_putc             0x00000c25    0x2c  Code  Lc  printf.o [1]
strlen                  0x00001109    0x1c  Code  Gb  stdlib.o [1]


[1] = A:\freescale\A7M_liefeng\project\liefeng\iar\Debug\Obj
[2] = command line
[3] = dl7M_tln.a
[4] = m7M_tls.a
[5] = rt7M_tl.a
[6] = shb_l.a

  12 906 bytes of readonly  code memory
   1 750 bytes of readonly  data memory
   5 110 bytes of readwrite data memory (+ 38 464 absolute)

Errors: none
Warnings: none
