###############################################################################
#
# IAR ELF Linker V7.50.3.10732/W32 for ARM                09/May/2016  18:48:17
# Copyright 2007-2016 IAR Systems AB.
#
#    Output file  =  
#        A:\freescale\A7M_liefeng\project\liefeng\iar\Debug\Exe\A7M_liefeng.out
#    Map file     =  
#        A:\freescale\A7M_liefeng\project\liefeng\iar\Debug\List\A7M_liefeng.map
#    Command line =  
#        A:\freescale\A7M_liefeng\project\liefeng\iar\Debug\Obj\A7M_liefeng.o
#        A:\freescale\A7M_liefeng\project\liefeng\iar\Debug\Obj\ADCConfig.o
#        A:\freescale\A7M_liefeng\project\liefeng\iar\Debug\Obj\alloc.o
#        A:\freescale\A7M_liefeng\project\liefeng\iar\Debug\Obj\assert.o
#        A:\freescale\A7M_liefeng\project\liefeng\iar\Debug\Obj\Capture.o
#        A:\freescale\A7M_liefeng\project\liefeng\iar\Debug\Obj\DEV_SCCB.o
#        A:\freescale\A7M_liefeng\project\liefeng\iar\Debug\Obj\GPIOConfig.o
#        A:\freescale\A7M_liefeng\project\liefeng\iar\Debug\Obj\HW_ADC.o
#        A:\freescale\A7M_liefeng\project\liefeng\iar\Debug\Obj\HW_CAN.o
#        A:\freescale\A7M_liefeng\project\liefeng\iar\Debug\Obj\HW_DAC.o
#        A:\freescale\A7M_liefeng\project\liefeng\iar\Debug\Obj\HW_DMA.o
#        A:\freescale\A7M_liefeng\project\liefeng\iar\Debug\Obj\HW_ENET.o
#        A:\freescale\A7M_liefeng\project\liefeng\iar\Debug\Obj\HW_FLASH.o
#        A:\freescale\A7M_liefeng\project\liefeng\iar\Debug\Obj\HW_FLEXBUS.o
#        A:\freescale\A7M_liefeng\project\liefeng\iar\Debug\Obj\HW_FTM.o
#        A:\freescale\A7M_liefeng\project\liefeng\iar\Debug\Obj\HW_GPIO.o
#        A:\freescale\A7M_liefeng\project\liefeng\iar\Debug\Obj\HW_I2C.o
#        A:\freescale\A7M_liefeng\project\liefeng\iar\Debug\Obj\HW_LPTMR.o
#        A:\freescale\A7M_liefeng\project\liefeng\iar\Debug\Obj\HW_MCG.o
#        A:\freescale\A7M_liefeng\project\liefeng\iar\Debug\Obj\HW_NVIC.o
#        A:\freescale\A7M_liefeng\project\liefeng\iar\Debug\Obj\HW_PDB.o
#        A:\freescale\A7M_liefeng\project\liefeng\iar\Debug\Obj\HW_PIT.o
#        A:\freescale\A7M_liefeng\project\liefeng\iar\Debug\Obj\HW_RTC.o
#        A:\freescale\A7M_liefeng\project\liefeng\iar\Debug\Obj\HW_SDHC.o
#        A:\freescale\A7M_liefeng\project\liefeng\iar\Debug\Obj\HW_SPI.o
#        A:\freescale\A7M_liefeng\project\liefeng\iar\Debug\Obj\HW_SYSTICK.o
#        A:\freescale\A7M_liefeng\project\liefeng\iar\Debug\Obj\HW_TSI.o
#        A:\freescale\A7M_liefeng\project\liefeng\iar\Debug\Obj\HW_UART.o
#        A:\freescale\A7M_liefeng\project\liefeng\iar\Debug\Obj\HW_USB.o
#        A:\freescale\A7M_liefeng\project\liefeng\iar\Debug\Obj\HW_WDOG.o
#        A:\freescale\A7M_liefeng\project\liefeng\iar\Debug\Obj\interrupt.o
#        A:\freescale\A7M_liefeng\project\liefeng\iar\Debug\Obj\io.o
#        A:\freescale\A7M_liefeng\project\liefeng\iar\Debug\Obj\OV7725_eagle.o
#        A:\freescale\A7M_liefeng\project\liefeng\iar\Debug\Obj\OV_cal.o
#        A:\freescale\A7M_liefeng\project\liefeng\iar\Debug\Obj\printf.o
#        A:\freescale\A7M_liefeng\project\liefeng\iar\Debug\Obj\queue.o
#        A:\freescale\A7M_liefeng\project\liefeng\iar\Debug\Obj\relocate.o
#        A:\freescale\A7M_liefeng\project\liefeng\iar\Debug\Obj\startup_K60F12.o
#        A:\freescale\A7M_liefeng\project\liefeng\iar\Debug\Obj\stdlib.o
#        A:\freescale\A7M_liefeng\project\liefeng\iar\Debug\Obj\system_MK60.o
#        A:\freescale\A7M_liefeng\project\liefeng\iar\Debug\Obj\time.o
#        A:\freescale\A7M_liefeng\project\liefeng\iar\Debug\Obj\UART.o
#        A:\freescale\A7M_liefeng\project\liefeng\iar\Debug\Obj\uif.o
#        --redirect _Printf=_PrintfFull --redirect _Scanf=_ScanfFull -o
#        A:\freescale\A7M_liefeng\project\liefeng\iar\Debug\Exe\A7M_liefeng.out
#        --map
#        A:\freescale\A7M_liefeng\project\liefeng\iar\Debug\List\A7M_liefeng.map
#        --config
#        A:\freescale\A7M_liefeng\project\liefeng\iar\..\iar\512KB_Pflash.icf
#        --semihosting --entry __iar_program_start --redirect
#        __iar_sh_stdout=__iar_sh_stdout_swo "D:\Program Files (x86)\IAR
#        Systems\Embedded Workbench
#        7.3\arm\CMSIS\Lib\IAR\iar_cortexM4lf_math.a" --vfe
#
###############################################################################

*******************************************************************************
*** RUNTIME MODEL ATTRIBUTES
***

CppFlavor       = *
__SystemLibrary = DLib


*******************************************************************************
*** PLACEMENT SUMMARY
***

"A1":  place at 0x00000000 { ro section .intvec };
"A2":  place at 0x00000410 { ro section .noinit };
"P1":  place in [from 0x00000000 to 0x00080000] { ro, block CodeRelocate };
"P2":  place in [from 0x1fff0410 to 0x20008f7a] {
          rw, block CodeRelocateRam, block CSTACK, block HEAP };

  Section              Kind        Address    Size  Object
  -------              ----        -------    ----  ------
"A1":                                        0x410
  .intvec              ro code  0x00000000   0x410  startup_K60F12.o [1]
                              - 0x00000410   0x410

"A2":                                         0x14
  .noinit              ro code  0x00000410    0x10  startup_K60F12.o [1]
  .noinit              ro code  0x00000420     0x4  startup_K60F12.o [1]
                              - 0x00000424    0x14

"P1", part 1 of 2:                          0x2914
  .text                ro code  0x00000424   0x714  HW_UART.o [1]
  .text                ro code  0x00000b38   0x698  system_MK60.o [1]
  .text                ro code  0x000011d0    0xa0  relocate.o [1]
  .text                ro code  0x00001270   0x188  HW_MCG.o [1]
  .text                ro code  0x000013f8    0x56  ABImemcpy_unaligned.o [5]
  .text                ro code  0x00001450   0x4e4  printf.o [1]
  .text                ro code  0x00001934    0x1c  stdlib.o [1]
  .text                ro code  0x00001950   0x3e8  HW_DMA.o [1]
  .text                ro code  0x00001d38   0x218  HW_SPI.o [1]
  .text                ro code  0x00001f50   0x1de  HW_CAN.o [1]
  .text                ro code  0x00002130    0xf4  HW_DAC.o [1]
  .text                ro code  0x00002224    0xcc  HW_I2C.o [1]
  .text                ro code  0x000022f0    0xc0  OV7725_eagle.o [1]
  .text                ro code  0x000023b0    0x80  HW_ENET.o [1]
  .text                ro code  0x00002430    0x80  HW_PDB.o [1]
  .text                ro code  0x000024b0    0x74  HW_GPIO.o [1]
  .text                ro code  0x00002524    0x6c  HW_PIT.o [1]
  .text                ro code  0x00002590    0x60  HW_RTC.o [1]
  .rodata              const    0x000025f0    0x48  system_MK60.o [1]
  .rodata              const    0x00002638    0x44  system_MK60.o [1]
  .rodata              const    0x0000267c    0x44  system_MK60.o [1]
  .text                ro code  0x000026c0    0x40  HW_TSI.o [1]
  .text                ro code  0x00002700    0x40  zero_init3.o [5]
  .rodata              const    0x00002740    0x34  system_MK60.o [1]
  .rodata              const    0x00002774    0x30  system_MK60.o [1]
  .rodata              const    0x000027a4    0x30  system_MK60.o [1]
  .text                ro code  0x000027d4    0x2c  HW_ADC.o [1]
  .text                ro code  0x00002800    0x2c  HW_FTM.o [1]
  .rodata              const    0x0000282c    0x28  system_MK60.o [1]
  .text                ro code  0x00002854    0x28  data_init.o [5]
  .rodata              const    0x0000287c    0x24  system_MK60.o [1]
  .rodata              const    0x000028a0    0x24  system_MK60.o [1]
  .rodata              const    0x000028c4    0x24  system_MK60.o [1]
  .text                ro code  0x000028e8    0x24  A7M_liefeng.o [1]
  .text                ro code  0x0000290c    0x22  fpinit_M.o [4]
  .iar.init_table      const    0x00002930    0x10  - Linker created -
  .rodata              const    0x00002940    0x20  system_MK60.o [1]
  .rodata              const    0x00002960    0x20  system_MK60.o [1]
  .rodata              const    0x00002980    0x20  system_MK60.o [1]
  .rodata              const    0x000029a0    0x20  system_MK60.o [1]
  .rodata              const    0x000029c0    0x20  system_MK60.o [1]
  .text                ro code  0x000029e0    0x20  HW_LPTMR.o [1]
  .rodata              const    0x00002a00    0x1c  system_MK60.o [1]
  .rodata              const    0x00002a1c    0x1c  system_MK60.o [1]
  .rodata              const    0x00002a38    0x1c  system_MK60.o [1]
  .rodata              const    0x00002a54    0x1c  system_MK60.o [1]
  .rodata              const    0x00002a70    0x1c  system_MK60.o [1]
  .text                ro code  0x00002a8c    0x1a  cmain.o [5]
  .text                ro code  0x00002aa6     0x4  low_level_init.o [3]
  .text                ro code  0x00002aaa     0x4  exit.o [3]
  .text                ro code  0x00002ab0     0xa  cexit.o [5]
  .text                ro code  0x00002abc    0x14  exit.o [6]
  .rodata              const    0x00002ad0    0x18  system_MK60.o [1]
  .rodata              const    0x00002ae8    0x18  system_MK60.o [1]
  .rodata              const    0x00002b00    0x18  system_MK60.o [1]
  .rodata              const    0x00002b18    0x18  system_MK60.o [1]
  .rodata              const    0x00002b30    0x18  system_MK60.o [1]
  .rodata              const    0x00002b48    0x18  system_MK60.o [1]
  .rodata              const    0x00002b60    0x18  system_MK60.o [1]
  .rodata              const    0x00002b78    0x18  system_MK60.o [1]
  .rodata              const    0x00002b90    0x18  system_MK60.o [1]
  .rodata              const    0x00002ba8    0x14  system_MK60.o [1]
  .rodata              const    0x00002bbc    0x14  system_MK60.o [1]
  .rodata              const    0x00002bd0    0x14  system_MK60.o [1]
  .rodata              const    0x00002be4    0x14  system_MK60.o [1]
  .text                ro code  0x00002bf8    0x14  io.o [1]
  .data_init                    0x00002c0c    0x14  <Block>
    Initializer bytes  const    0x00002c0c    0x14  <for .data-1>
  .rodata              const    0x00002c20    0x10  system_MK60.o [1]
  .rodata              const    0x00002c30    0x10  system_MK60.o [1]
  .rodata              const    0x00002c40    0x10  system_MK60.o [1]
  .rodata              const    0x00002c50    0x10  system_MK60.o [1]
  .text                ro code  0x00002c60    0x10  HW_SYSTICK.o [1]
  .text                ro code  0x00002c70    0x10  HW_USB.o [1]
  .rodata              const    0x00002c80     0xc  system_MK60.o [1]
  .text                ro code  0x00002c8c     0xc  cstartup_M.o [5]
  .rodata              const    0x00002c98     0x8  A7M_liefeng.o [1]
  .rodata              const    0x00002ca0     0x8  system_MK60.o [1]
  .rodata              const    0x00002ca8     0x8  system_MK60.o [1]
  .rodata              const    0x00002cb0     0x8  system_MK60.o [1]
  .rodata              const    0x00002cb8     0x8  system_MK60.o [1]
  .rodata              const    0x00002cc0     0x8  system_MK60.o [1]
  .rodata              const    0x00002cc8     0x8  system_MK60.o [1]
  .rodata              const    0x00002cd0     0x8  system_MK60.o [1]
  .rodata              const    0x00002cd8     0x8  system_MK60.o [1]
  .rodata              const    0x00002ce0     0x8  system_MK60.o [1]
  .rodata              const    0x00002ce8     0x8  system_MK60.o [1]
  .rodata              const    0x00002cf0     0x8  system_MK60.o [1]
  .rodata              const    0x00002cf8     0x8  system_MK60.o [1]
  .rodata              const    0x00002d00     0x8  system_MK60.o [1]
  .rodata              const    0x00002d08     0x8  system_MK60.o [1]
  .rodata              const    0x00002d10     0x8  system_MK60.o [1]
  .rodata              const    0x00002d18     0x8  system_MK60.o [1]
  .rodata              const    0x00002d20     0x8  system_MK60.o [1]
  .rodata              const    0x00002d28     0x8  system_MK60.o [1]
  .rodata              const    0x00002d30     0x8  system_MK60.o [1]
  .rodata              const    0x00002d38     0x0  zero_init3.o [5]
                              - 0x00002d38  0x2914

"P1", part 2 of 2:                             0x0
  CodeRelocate                  0x00002d38     0x0  <Block>

"P2", part 1 of 3:                            0x14
  .data                         0x1fff0410    0x14  <Block>
    .data-1                     0x1fff0410    0x14  <Init block>
      .data            inited   0x1fff0410     0x4  HW_MCG.o [1]
      .data            inited   0x1fff0414     0x4  HW_MCG.o [1]
      .data            inited   0x1fff0418     0x4  HW_MCG.o [1]
      .data            inited   0x1fff041c     0x4  HW_MCG.o [1]
      .data            inited   0x1fff0420     0x4  system_MK60.o [1]
                              - 0x1fff0424    0x14

"P2", part 2 of 3:                           0x318
  .bss                          0x1fff0424   0x318  <Block>
    .bss               zero     0x1fff0424    0x10  HW_ADC.o [1]
    .bss               zero     0x1fff0434   0x100  HW_CAN.o [1]
    .bss               zero     0x1fff0534    0x40  HW_CAN.o [1]
    .bss               zero     0x1fff0574    0x40  HW_CAN.o [1]
    .bss               zero     0x1fff05b4     0x8  HW_DAC.o [1]
    .bss               zero     0x1fff05bc     0x8  HW_DAC.o [1]
    .bss               zero     0x1fff05c4     0x8  HW_DAC.o [1]
    .bss               zero     0x1fff05cc    0x80  HW_DMA.o [1]
    .bss               zero     0x1fff064c    0x10  HW_ENET.o [1]
    .bss               zero     0x1fff065c    0x10  HW_FTM.o [1]
    .bss               zero     0x1fff066c    0x14  HW_GPIO.o [1]
    .bss               zero     0x1fff0680     0x8  HW_I2C.o [1]
    .bss               zero     0x1fff0688     0x4  HW_LPTMR.o [1]
    .bss               zero     0x1fff068c     0x4  HW_PDB.o [1]
    .bss               zero     0x1fff0690     0x4  HW_PDB.o [1]
    .bss               zero     0x1fff0694    0x10  HW_PIT.o [1]
    .bss               zero     0x1fff06a4     0xc  HW_RTC.o [1]
    .bss               zero     0x1fff06b0    0x18  HW_SPI.o [1]
    .bss               zero     0x1fff06c8    0x18  HW_SPI.o [1]
    .bss               zero     0x1fff06e0    0x18  HW_SPI.o [1]
    .bss               zero     0x1fff06f8     0x4  HW_SYSTICK.o [1]
    .bss               zero     0x1fff06fc     0x8  HW_TSI.o [1]
    .bss               zero     0x1fff0704    0x18  HW_UART.o [1]
    .bss               zero     0x1fff071c    0x18  HW_UART.o [1]
    .bss               zero     0x1fff0734     0x4  HW_USB.o [1]
    .bss               zero     0x1fff0738     0x1  A7M_liefeng.o [1]
                              - 0x1fff073c   0x318

"P2", part 3 of 3:                          0x1004
  CodeRelocateRam               0x1fff073c     0x0  <Block>
  CSTACK                        0x1fff0740  0x1000  <Block>
    CSTACK             uninit   0x1fff0740  0x1000  <Block tail>
                              - 0x1fff1740  0x1004

Absolute sections:                          0x9640
  .noinit              uninit   0x221f69c0  0x9640  OV7725_eagle.o [1]
                              - 0x22200000  0x9640


*******************************************************************************
*** INIT TABLE
***

          Address     Size
          -------     ----
Zero (__iar_zero_init3)
    1 destination range, total size 0x315:
          0x1fff0424  0x315



*******************************************************************************
*** MODULE SUMMARY
***

    Module                 ro code  ro data  rw data  rw data
                                                       (abs)
    ------                 -------  -------  -------  -------
A:\freescale\A7M_liefeng\project\liefeng\iar\Debug\Obj: [1]
    A7M_liefeng.o               36        8        1
    HW_ADC.o                    44                16
    HW_CAN.o                   478               384
    HW_DAC.o                   244                24
    HW_DMA.o                 1 000               128
    HW_ENET.o                  128                16
    HW_FTM.o                    44                16
    HW_GPIO.o                  116                20
    HW_I2C.o                   204                 8
    HW_LPTMR.o                  32                 4
    HW_MCG.o                   392       16       16
    HW_PDB.o                   128                 8
    HW_PIT.o                   108                16
    HW_RTC.o                    96                12
    HW_SPI.o                   536                72
    HW_SYSTICK.o                16                 4
    HW_TSI.o                    64                 8
    HW_UART.o                1 812                48
    HW_USB.o                    16                 4
    OV7725_eagle.o             192                     38 464
    io.o                        20
    printf.o                 1 252
    relocate.o                 160
    startup_K60F12.o         1 060
    stdlib.o                    28
    system_MK60.o            1 688    1 332        4
    ---------------------------------------------------------
    Total:                   9 894    1 356      809   38 464

command line: [2]
    ---------------------------------------------------------
    Total:

dl7M_tln.a: [3]
    exit.o                       4
    low_level_init.o             4
    ---------------------------------------------------------
    Total:                       8

m7M_tls.a: [4]
    fpinit_M.o                  34
    ---------------------------------------------------------
    Total:                      34

rt7M_tl.a: [5]
    ABImemcpy_unaligned.o       86
    cexit.o                     10
    cmain.o                     26
    cstartup_M.o                12
    data_init.o                 40
    zero_init3.o                64
    ---------------------------------------------------------
    Total:                     238

shb_l.a: [6]
    exit.o                      20
    ---------------------------------------------------------
    Total:                      20

    Gaps                         8        2
    Linker created                       16    4 096
-------------------------------------------------------------
    Grand Total:            10 202    1 374    4 905   38 464


*******************************************************************************
*** ENTRY LIST
***

Entry                      Address    Size  Type      Object
-----                      -------    ----  ----      ------
.bss$$Base              0x1fff0424           --   Gb  - Linker created -
.bss$$Limit             0x1fff073c           --   Gb  - Linker created -
.data$$Base             0x1fff0410           --   Gb  - Linker created -
.data$$Limit            0x1fff0424           --   Gb  - Linker created -
.data_init$$Base        0x00002c0c           --   Gb  - Linker created -
.data_init$$Limit       0x00002c20           --   Gb  - Linker created -
.iar.init_table$$Base   0x00002930           --   Gb  - Linker created -
.iar.init_table$$Limit  0x00002940           --   Gb  - Linker created -
?main                   0x00002a8d          Code  Gb  cmain.o [5]
ADC0_IRQHandler         0x000027d5     0xa  Code  Gb  HW_ADC.o [1]
ADC1_IRQHandler         0x000027df     0xa  Code  Gb  HW_ADC.o [1]
ADC2_IRQHandler         0x000027e9     0xa  Code  Gb  HW_ADC.o [1]
ADC3_IRQHandler         0x000027f3     0xa  Code  Gb  HW_ADC.o [1]
ADC_ISR                 0x1fff0424    0x10  Data  Gb  HW_ADC.o [1]
CAN0_BUS_OFF_IRQHandler
                        0x000020ab     0x8  Code  Gb  HW_CAN.o [1]
CAN0_ERR_IRQHandler     0x000020b3     0xe  Code  Gb  HW_CAN.o [1]
CAN0_IMEU_IRQHandler    0x000020d7     0x2  Code  Gb  HW_CAN.o [1]
CAN0_ISR                0x1fff0534    0x40  Data  Gb  HW_CAN.o [1]
CAN0_LR_IRQHandler      0x000020d9     0x2  Code  Gb  HW_CAN.o [1]
CAN0_MESS_IRQHandler    0x000020a3     0x8  Code  Gb  HW_CAN.o [1]
CAN0_RW_IRQHandler      0x000020cb     0xa  Code  Gb  HW_CAN.o [1]
CAN0_TW_IRQHandler      0x000020c1     0xa  Code  Gb  HW_CAN.o [1]
CAN0_WAKE_UP_IRQHandler
                        0x000020d5     0x2  Code  Gb  HW_CAN.o [1]
CAN1_BUS_OFF_IRQHandler
                        0x000020e3     0x8  Code  Gb  HW_CAN.o [1]
CAN1_ERR_IRQHandler     0x000020eb     0xe  Code  Gb  HW_CAN.o [1]
CAN1_IMEU_IRQHandler    0x0000212b     0x2  Code  Gb  HW_CAN.o [1]
CAN1_ISR                0x1fff0574    0x40  Data  Gb  HW_CAN.o [1]
CAN1_LR_IRQHandler      0x0000212d     0x2  Code  Gb  HW_CAN.o [1]
CAN1_MESS_IRQHandler    0x000020db     0x8  Code  Gb  HW_CAN.o [1]
CAN1_RW_IRQHandler      0x00002103     0xa  Code  Gb  HW_CAN.o [1]
CAN1_TW_IRQHandler      0x000020f9     0xa  Code  Gb  HW_CAN.o [1]
CAN1_WAKE_UP_IRQHandler
                        0x00002129     0x2  Code  Gb  HW_CAN.o [1]
CSTACK$$Base            0x1fff0740           --   Gb  - Linker created -
CSTACK$$Limit           0x1fff1740           --   Gb  - Linker created -
CodeRelocate$$Base      0x00002d38           --   Gb  - Linker created -
CodeRelocate$$Limit     0x00002d38           --   Gb  - Linker created -
CodeRelocateRam$$Base   0x1fff073c           --   Gb  - Linker created -
CodeRelocateRam$$Limit  0x1fff073c           --   Gb  - Linker created -
DAC0_IRQHandler         0x00002131    0x6a  Code  Gb  HW_DAC.o [1]
DAC1_IRQHandler         0x0000219b    0x6a  Code  Gb  HW_DAC.o [1]
DAC_RDPTBOT_ISR         0x1fff05b4     0x8  Data  Gb  HW_DAC.o [1]
DAC_RDPTTOP_ISR         0x1fff05bc     0x8  Data  Gb  HW_DAC.o [1]
DAC_WATERMK_ISR         0x1fff05c4     0x8  Data  Gb  HW_DAC.o [1]
DMA0_IRQHandler         0x00001951    0x4a  Code  Gb  HW_DMA.o [1]
DMA10_IRQHandler        0x00001bd3    0x3a  Code  Gb  HW_DMA.o [1]
DMA11_IRQHandler        0x00001c0d    0x3a  Code  Gb  HW_DMA.o [1]
DMA12_IRQHandler        0x00001c47    0x3a  Code  Gb  HW_DMA.o [1]
DMA13_IRQHandler        0x00001c81    0x3a  Code  Gb  HW_DMA.o [1]
DMA14_IRQHandler        0x00001cbb    0x3a  Code  Gb  HW_DMA.o [1]
DMA15_IRQHandler        0x00001cf5    0x3a  Code  Gb  HW_DMA.o [1]
DMA1_IRQHandler         0x0000199b    0x4a  Code  Gb  HW_DMA.o [1]
DMA2_IRQHandler         0x000019e5    0x4a  Code  Gb  HW_DMA.o [1]
DMA3_IRQHandler         0x00001a2f    0x48  Code  Gb  HW_DMA.o [1]
DMA4_IRQHandler         0x00001a77    0x3a  Code  Gb  HW_DMA.o [1]
DMA5_IRQHandler         0x00001ab1    0x3a  Code  Gb  HW_DMA.o [1]
DMA6_IRQHandler         0x00001aeb    0x3a  Code  Gb  HW_DMA.o [1]
DMA7_IRQHandler         0x00001b25    0x3a  Code  Gb  HW_DMA.o [1]
DMA8_IRQHandler         0x00001b5f    0x3a  Code  Gb  HW_DMA.o [1]
DMA9_IRQHandler         0x00001b99    0x3a  Code  Gb  HW_DMA.o [1]
DMA_ISR                 0x1fff05cc    0x80  Data  Gb  HW_DMA.o [1]
DefaultISR              0x00000cbd    0x18  Code  Gb  system_MK60.o [1]
Diagnostic_Reset_Source
                        0x00000f01   0x156  Code  Lc  system_MK60.o [1]
ENET_ISR                0x1fff064c    0x10  Data  Gb  HW_ENET.o [1]
Eth_Err_Misc_IRQHandler
                        0x00002413    0x16  Code  Gb  HW_ENET.o [1]
Eth_IEEE1588_IRQHandler
                        0x000023fd    0x16  Code  Gb  HW_ENET.o [1]
Eth_RX_IRQHandler       0x000023b1    0x26  Code  Gb  HW_ENET.o [1]
Eth_TX_IRQHandler       0x000023d7    0x26  Code  Gb  HW_ENET.o [1]
FTM0_IRQHandler         0x00002801     0xa  Code  Gb  HW_FTM.o [1]
FTM1_IRQHandler         0x0000280b     0xa  Code  Gb  HW_FTM.o [1]
FTM2_IRQHandler         0x00002815     0xa  Code  Gb  HW_FTM.o [1]
FTM3_IRQHandler         0x0000281f     0xa  Code  Gb  HW_FTM.o [1]
FTM_ISR                 0x1fff065c    0x10  Data  Gb  HW_FTM.o [1]
GPIO_ISR                0x1fff066c    0x14  Data  Gb  HW_GPIO.o [1]
HardFault_Handler       0x00000cb1     0xc  Code  Gb  system_MK60.o [1]
I2C0_IRQHandler         0x00002225    0x5a  Code  Gb  HW_I2C.o [1]
I2C1_IRQHandler         0x0000227f    0x5a  Code  Gb  HW_I2C.o [1]
I2C_ISR                 0x1fff0680     0x8  Data  Gb  HW_I2C.o [1]
Is_DispPhoto            0x1fff0738     0x1  Data  Gb  A7M_liefeng.o [1]
LPLD_CAN_Interrupt_ClearPending
                        0x00001f51    0x24  Code  Lc  HW_CAN.o [1]
LPLD_CAN_Interrupt_GetFlag
                        0x00001f75    0x1e  Code  Lc  HW_CAN.o [1]
LPLD_CAN_MB_ISR         0x00002049    0x5a  Code  Lc  HW_CAN.o [1]
LPLD_CAN_Receive_Interrupt
                        0x00001fed    0x5c  Code  Lc  HW_CAN.o [1]
LPLD_CAN_Transmit_Interrupt
                        0x00001f93    0x5a  Code  Gb  HW_CAN.o [1]
LPLD_PLL_Setup          0x00001271   0x188  Code  Gb  HW_MCG.o [1]
LPLD_UART_Init          0x00000425   0x40a  Code  Gb  HW_UART.o [1]
LPLD_UART_PutChar       0x0000082f     0xa  Code  Gb  HW_UART.o [1]
LPTMR_ISR               0x1fff0688     0x4  Data  Gb  HW_LPTMR.o [1]
LPT_IRQHandler          0x000029e1    0x16  Code  Gb  HW_LPTMR.o [1]
NVIC_EnableIRQ          0x000022f1    0x14  Code  Lc  OV7725_eagle.o [1]
OS_CPU_SysTickHandler   0x00002c61     0xa  Code  Gb  HW_SYSTICK.o [1]
OV_delay                0x00002305    0x20  Code  Gb  OV7725_eagle.o [1]
OV_display              0x00002325    0x78  Code  Gb  OV7725_eagle.o [1]
OV_pictures             0x221f69c0  0x9640  Data  Gb  OV7725_eagle.o [1]
PDB_IRQHandler          0x00002431    0x6a  Code  Gb  HW_PDB.o [1]
PDB_ISR                 0x1fff068c     0x4  Data  Gb  HW_PDB.o [1]
PDB_SE_ISR              0x1fff0690     0x4  Data  Gb  HW_PDB.o [1]
PIT0_IRQHandler         0x00002525    0x16  Code  Gb  HW_PIT.o [1]
PIT1_IRQHandler         0x0000253b    0x16  Code  Gb  HW_PIT.o [1]
PIT2_IRQHandler         0x00002551    0x16  Code  Gb  HW_PIT.o [1]
PIT3_IRQHandler         0x00002567    0x16  Code  Gb  HW_PIT.o [1]
PIT_ISR                 0x1fff0694    0x10  Data  Gb  HW_PIT.o [1]
PORTA_IRQHandler        0x000024b1    0x12  Code  Gb  HW_GPIO.o [1]
PORTB_IRQHandler        0x000024c3    0x12  Code  Gb  HW_GPIO.o [1]
PORTC_IRQHandler        0x000024d5    0x12  Code  Gb  HW_GPIO.o [1]
PORTD_IRQHandler        0x000024e7    0x12  Code  Gb  HW_GPIO.o [1]
PORTE_IRQHandler        0x000024f9    0x12  Code  Gb  HW_GPIO.o [1]
RTC_IRQHandler          0x00002591    0x56  Code  Gb  HW_RTC.o [1]
RTC_ISR                 0x1fff06a4     0xc  Data  Gb  HW_RTC.o [1]
Region$$Table$$Base     0x00002930           --   Gb  - Linker created -
Region$$Table$$Limit    0x00002940           --   Gb  - Linker created -
SPI0_IRQHandler         0x00001d39    0xaa  Code  Gb  HW_SPI.o [1]
SPI0_ISR                0x1fff06b0    0x18  Data  Gb  HW_SPI.o [1]
SPI1_IRQHandler         0x00001de3    0xaa  Code  Gb  HW_SPI.o [1]
SPI1_ISR                0x1fff06c8    0x18  Data  Gb  HW_SPI.o [1]
SPI2_IRQHandler         0x00001e8d    0xaa  Code  Gb  HW_SPI.o [1]
SPI2_ISR                0x1fff06e0    0x18  Data  Gb  HW_SPI.o [1]
SYSTICK_ISR             0x1fff06f8     0x4  Data  Gb  HW_SYSTICK.o [1]
SystemCoreClock         0x1fff0420     0x4  Data  Gb  system_MK60.o [1]
SystemCoreClockUpdate   0x00000c81    0x30  Code  Gb  system_MK60.o [1]
SystemInit              0x00000b39   0x148  Code  Gb  system_MK60.o [1]
TSI_IRQHandler          0x000026c1    0x36  Code  Gb  HW_TSI.o [1]
TSI_ISR                 0x1fff06fc     0x8  Data  Gb  HW_TSI.o [1]
UART0_ERR_IRQHandler    0x00000b2d     0x2  Code  Gb  HW_UART.o [1]
UART0_IRQHandler        0x00000839    0x58  Code  Gb  HW_UART.o [1]
UART1_ERR_IRQHandler    0x00000b2f     0x2  Code  Gb  HW_UART.o [1]
UART1_IRQHandler        0x00000891    0x58  Code  Gb  HW_UART.o [1]
UART2_ERR_IRQHandler    0x00000b31     0x2  Code  Gb  HW_UART.o [1]
UART2_IRQHandler        0x000008e9    0x58  Code  Gb  HW_UART.o [1]
UART3_ERR_IRQHandler    0x00000b33     0x2  Code  Gb  HW_UART.o [1]
UART3_IRQHandler        0x00000941    0x58  Code  Gb  HW_UART.o [1]
UART4_ERR_IRQHandler    0x00000b35     0x2  Code  Gb  HW_UART.o [1]
UART4_IRQHandler        0x00000999    0x58  Code  Gb  HW_UART.o [1]
UART5_ERR_IRQHandler    0x00000b37     0x2  Code  Gb  HW_UART.o [1]
UART5_IRQHandler        0x000009f1    0x58  Code  Gb  HW_UART.o [1]
UART_R_ISR              0x1fff0704    0x18  Data  Gb  HW_UART.o [1]
UART_T_ISR              0x1fff071c    0x18  Data  Gb  HW_UART.o [1]
USB_ISR                 0x1fff0734     0x4  Data  Gb  HW_USB.o [1]
USB_OTG_IRQHandler      0x00002c71     0xa  Code  Gb  HW_USB.o [1]
__BOOT_STACK_ADDRESS {Abs}
                        0x20008f72           --   Gb  command line/config [2]
__VECTOR_RAM {Abs}      0x1fff0000           --   Gb  command line/config [2]
__VECTOR_TABLE {Abs}    0x00000000           --   Gb  command line/config [2]
__Vectors               0x00000000           --   Gb  startup_K60F12.o [1]
__Vectors_End           0x00000410          Data  Gb  startup_K60F12.o [1]
__Vectors_Size {Abs}    0x00000410           --   Gb  startup_K60F12.o [1]
__cmain                 0x00002a8d          Code  Gb  cmain.o [5]
__exit                  0x00002abd    0x14  Code  Gb  exit.o [6]
__iar_data_init3        0x00002855    0x28  Code  Gb  data_init.o [5]
__iar_init_vfp          0x0000290d          Code  Gb  fpinit_M.o [4]
__iar_program_start     0x00002c8d          Code  Gb  cstartup_M.o [5]
__iar_unaligned___aeabi_memcpy4
                        0x000013f9          Code  Gb  ABImemcpy_unaligned.o [5]
__iar_unaligned___aeabi_memcpy8
                        0x000013f9          Code  Gb  ABImemcpy_unaligned.o [5]
__iar_zero_init3        0x00002701    0x40  Code  Gb  zero_init3.o [5]
__low_level_init        0x00002aa7     0x4  Code  Gb  low_level_init.o [3]
__vector_table          0x00000000          Data  Gb  startup_K60F12.o [1]
__vector_table_0x1c     0x0000001c          Data  Gb  startup_K60F12.o [1]
_call_main              0x00002a99          Code  Gb  cmain.o [5]
_exit                   0x00002ab1          Code  Gb  cexit.o [5]
_main                   0x00002aa3          Code  Gb  cmain.o [5]
common_relocate         0x000011d1    0xa0  Code  Gb  relocate.o [1]
cpu_identify            0x00000cd9   0x182  Code  Lc  system_MK60.o [1]
exit                    0x00002aab     0x4  Code  Gb  exit.o [3]
flash_identify          0x00000e5b    0xa6  Code  Lc  system_MK60.o [1]
flexcan_msgobj_param_t  0x1fff0434   0x100  Data  Gb  HW_CAN.o [1]
g_bus_clock             0x1fff0414     0x4  Data  Gb  HW_MCG.o [1]
g_core_clock            0x1fff0410     0x4  Data  Gb  HW_MCG.o [1]
g_flash_clock           0x1fff0418     0x4  Data  Gb  HW_MCG.o [1]
g_flexbus_clock         0x1fff041c     0x4  Data  Gb  HW_MCG.o [1]
main                    0x000028e9    0x24  Code  Gb  A7M_liefeng.o [1]
out_char                0x00002bf9     0xe  Code  Gb  io.o [1]
printf                  0x00001911    0x1e  Code  Gb  printf.o [1]
printk                  0x00001529   0x3e8  Code  Gb  printf.o [1]
printk_mknumstr         0x0000147d    0x70  Code  Lc  printf.o [1]
printk_pad_space        0x0000150b    0x1e  Code  Lc  printf.o [1]
printk_pad_zero         0x000014ed    0x1e  Code  Lc  printf.o [1]
printk_putc             0x00001451    0x2c  Code  Lc  printf.o [1]
strlen                  0x00001935    0x1c  Code  Gb  stdlib.o [1]


[1] = A:\freescale\A7M_liefeng\project\liefeng\iar\Debug\Obj
[2] = command line
[3] = dl7M_tln.a
[4] = m7M_tls.a
[5] = rt7M_tl.a
[6] = shb_l.a

  10 202 bytes of readonly  code memory
   1 374 bytes of readonly  data memory
   4 905 bytes of readwrite data memory (+ 38 464 absolute)

Errors: none
Warnings: none
